Component: ARM Compiler 5.06 update 6 (build 750) Tool: armlink [4d35ed]

==============================================================================

Section Cross References

    startup_stm32f411xe.o(RESET) refers to startup_stm32f411xe.o(STACK) for __initial_sp
    startup_stm32f411xe.o(RESET) refers to startup_stm32f411xe.o(.text) for Reset_Handler
    startup_stm32f411xe.o(RESET) refers to stm32f4xx_it.o(i.NMI_Handler) for NMI_Handler
    startup_stm32f411xe.o(RESET) refers to stm32f4xx_it.o(i.HardFault_Handler) for HardFault_Handler
    startup_stm32f411xe.o(RESET) refers to stm32f4xx_it.o(i.MemManage_Handler) for MemManage_Handler
    startup_stm32f411xe.o(RESET) refers to stm32f4xx_it.o(i.BusFault_Handler) for BusFault_Handler
    startup_stm32f411xe.o(RESET) refers to stm32f4xx_it.o(i.UsageFault_Handler) for UsageFault_Handler
    startup_stm32f411xe.o(RESET) refers to stm32f4xx_it.o(i.SVC_Handler) for SVC_Handler
    startup_stm32f411xe.o(RESET) refers to stm32f4xx_it.o(i.DebugMon_Handler) for DebugMon_Handler
    startup_stm32f411xe.o(RESET) refers to stm32f4xx_it.o(i.PendSV_Handler) for PendSV_Handler
    startup_stm32f411xe.o(RESET) refers to stm32f4xx_it.o(i.SysTick_Handler) for SysTick_Handler
    startup_stm32f411xe.o(RESET) refers to stm32f4xx_it.o(i.USART1_IRQHandler) for USART1_IRQHandler
    startup_stm32f411xe.o(.text) refers to system_stm32f4xx.o(i.SystemInit) for SystemInit
    startup_stm32f411xe.o(.text) refers to entry.o(.ARM.Collect$$$$00000000) for __main
    main.o(i.HAL_TIM_PeriodElapsedCallback) refers to main.o(.data) for ceju_flag
    main.o(i.MX_GPIO_Init) refers to memseta.o(.text) for __aeabi_memclr4
    main.o(i.MX_GPIO_Init) refers to stm32f4xx_hal_gpio.o(i.HAL_GPIO_WritePin) for HAL_GPIO_WritePin
    main.o(i.MX_GPIO_Init) refers to stm32f4xx_hal_gpio.o(i.HAL_GPIO_Init) for HAL_GPIO_Init
    main.o(i.MX_I2C1_Init) refers to stm32f4xx_hal_i2c.o(i.HAL_I2C_Init) for HAL_I2C_Init
    main.o(i.MX_I2C1_Init) refers to main.o(i.Error_Handler) for Error_Handler
    main.o(i.MX_I2C1_Init) refers to main.o(.bss) for hi2c1
    main.o(i.MX_TIM11_Init) refers to stm32f4xx_hal_tim.o(i.HAL_TIM_Base_Init) for HAL_TIM_Base_Init
    main.o(i.MX_TIM11_Init) refers to main.o(i.Error_Handler) for Error_Handler
    main.o(i.MX_TIM11_Init) refers to main.o(.bss) for htim11
    main.o(i.MX_TIM3_Init) refers to memseta.o(.text) for __aeabi_memclr4
    main.o(i.MX_TIM3_Init) refers to stm32f4xx_hal_tim.o(i.HAL_TIM_Base_Init) for HAL_TIM_Base_Init
    main.o(i.MX_TIM3_Init) refers to main.o(i.Error_Handler) for Error_Handler
    main.o(i.MX_TIM3_Init) refers to stm32f4xx_hal_tim.o(i.HAL_TIM_ConfigClockSource) for HAL_TIM_ConfigClockSource
    main.o(i.MX_TIM3_Init) refers to stm32f4xx_hal_tim.o(i.HAL_TIM_PWM_Init) for HAL_TIM_PWM_Init
    main.o(i.MX_TIM3_Init) refers to stm32f4xx_hal_tim_ex.o(i.HAL_TIMEx_MasterConfigSynchronization) for HAL_TIMEx_MasterConfigSynchronization
    main.o(i.MX_TIM3_Init) refers to stm32f4xx_hal_tim.o(i.HAL_TIM_PWM_ConfigChannel) for HAL_TIM_PWM_ConfigChannel
    main.o(i.MX_TIM3_Init) refers to stm32f4xx_hal_msp.o(i.HAL_TIM_MspPostInit) for HAL_TIM_MspPostInit
    main.o(i.MX_TIM3_Init) refers to main.o(.bss) for htim3
    main.o(i.MX_USART1_UART_Init) refers to stm32f4xx_hal_uart.o(i.HAL_UART_Init) for HAL_UART_Init
    main.o(i.MX_USART1_UART_Init) refers to main.o(i.Error_Handler) for Error_Handler
    main.o(i.MX_USART1_UART_Init) refers to main.o(.bss) for huart1
    main.o(i.SystemClock_Config) refers to memseta.o(.text) for __aeabi_memclr4
    main.o(i.SystemClock_Config) refers to stm32f4xx_hal_rcc.o(i.HAL_RCC_OscConfig) for HAL_RCC_OscConfig
    main.o(i.SystemClock_Config) refers to main.o(i.Error_Handler) for Error_Handler
    main.o(i.SystemClock_Config) refers to stm32f4xx_hal_rcc.o(i.HAL_RCC_ClockConfig) for HAL_RCC_ClockConfig
    main.o(i.fgetc) refers to stm32f4xx_hal_uart.o(i.HAL_UART_Receive) for HAL_UART_Receive
    main.o(i.fgetc) refers to main.o(.bss) for huart1
    main.o(i.fputc) refers to stm32f4xx_hal_uart.o(i.HAL_UART_Transmit) for HAL_UART_Transmit
    main.o(i.fputc) refers to main.o(.bss) for huart1
    main.o(i.main) refers to stm32f4xx_hal.o(i.HAL_Init) for HAL_Init
    main.o(i.main) refers to main.o(i.SystemClock_Config) for SystemClock_Config
    main.o(i.main) refers to main.o(i.MX_GPIO_Init) for MX_GPIO_Init
    main.o(i.main) refers to main.o(i.MX_I2C1_Init) for MX_I2C1_Init
    main.o(i.main) refers to main.o(i.MX_TIM3_Init) for MX_TIM3_Init
    main.o(i.main) refers to main.o(i.MX_USART1_UART_Init) for MX_USART1_UART_Init
    main.o(i.main) refers to main.o(i.MX_TIM11_Init) for MX_TIM11_Init
    main.o(i.main) refers to stm32f4xx_hal_tim.o(i.HAL_TIM_PWM_Start) for HAL_TIM_PWM_Start
    main.o(i.main) refers to stm32f4xx_hal_tim.o(i.HAL_TIM_Base_Start) for HAL_TIM_Base_Start
    main.o(i.main) refers to tuoluoyi.o(i.Tuoluoyi_Calibrate) for Tuoluoyi_Calibrate
[...]
    ../clib/microlib/longlong.c              0x00000000   Number         0  llsshr.o ABSOLUTE
    ../clib/microlib/longlong.c              0x00000000   Number         0  llshl.o ABSOLUTE
    ../clib/microlib/printf/printf.c         0x00000000   Number         0  printf7.o ABSOLUTE
    ../clib/microlib/printf/printf.c         0x00000000   Number         0  printf6.o ABSOLUTE
    ../clib/microlib/printf/printf.c         0x00000000   Number         0  printfa.o ABSOLUTE
    ../clib/microlib/printf/printf.c         0x00000000   Number         0  printf8.o ABSOLUTE
    ../clib/microlib/printf/printf.c         0x00000000   Number         0  printfb.o ABSOLUTE
    ../clib/microlib/printf/printf.c         0x00000000   Number         0  printf0.o ABSOLUTE
    ../clib/microlib/printf/printf.c         0x00000000   Number         0  printf5.o ABSOLUTE
    ../clib/microlib/printf/printf.c         0x00000000   Number         0  printf1.o ABSOLUTE
    ../clib/microlib/printf/printf.c         0x00000000   Number         0  printf2.o ABSOLUTE
    ../clib/microlib/printf/printf.c         0x00000000   Number         0  printf3.o ABSOLUTE
    ../clib/microlib/printf/printf.c         0x00000000   Number         0  printf4.o ABSOLUTE
    ../clib/microlib/printf/stubs.s          0x00000000   Number         0  stubs.o ABSOLUTE
    ../clib/microlib/stdio/streams.c         0x00000000   Number         0  stdout.o ABSOLUTE
    ../clib/microlib/string/memset.c         0x00000000   Number         0  memseta.o ABSOLUTE
    ../clib/microlib/stubs.s                 0x00000000   Number         0  iusefp.o ABSOLUTE
    ../fplib/microlib/d2f.c                  0x00000000   Number         0  d2f.o ABSOLUTE
    ../fplib/microlib/fpadd.c                0x00000000   Number         0  dadd.o ABSOLUTE
    ../fplib/microlib/fpdiv.c                0x00000000   Number         0  ddiv.o ABSOLUTE
    ../fplib/microlib/fpepilogue.c           0x00000000   Number         0  fepilogue.o ABSOLUTE
    ../fplib/microlib/fpepilogue.c           0x00000000   Number         0  depilogue.o ABSOLUTE
    ../fplib/microlib/fpfix.c                0x00000000   Number         0  dfixul.o ABSOLUTE
    ../fplib/microlib/fpflt.c                0x00000000   Number         0  dfltui.o ABSOLUTE
    ../fplib/microlib/fpmul.c                0x00000000   Number         0  dmul.o ABSOLUTE
    ..\Core\Src\main.c                       0x00000000   Number         0  main.o ABSOLUTE
    ..\Core\Src\stm32f4xx_hal_msp.c          0x00000000   Number         0  stm32f4xx_hal_msp.o ABSOLUTE
    ..\Core\Src\stm32f4xx_it.c               0x00000000   Number         0  stm32f4xx_it.o ABSOLUTE
    ..\Core\Src\system_stm32f4xx.c           0x00000000   Number         0  system_stm32f4xx.o ABSOLUTE
    ..\Drivers\STM32F4xx_HAL_Driver\Src\stm32f4xx_hal.c 0x00000000   Number         0  stm32f4xx_hal.o ABSOLUTE
    ..\Drivers\STM32F4xx_HAL_Driver\Src\stm32f4xx_hal_adc.c 0x00000000   Number         0  stm32f4xx_hal_adc.o ABSOLUTE
    ..\Drivers\STM32F4xx_HAL_Driver\Src\stm32f4xx_hal_adc_ex.c 0x00000000   Number         0  stm32f4xx_hal_adc_ex.o ABSOLUTE
    ..\Drivers\STM32F4xx_HAL_Driver\Src\stm32f4xx_hal_can.c 0x00000000   Number         0  stm32f4xx_hal_can.o ABSOLUTE
    ..\Drivers\STM32F4xx_HAL_Driver\Src\stm32f4xx_hal_cec.c 0x00000000   Number         0  stm32f4xx_hal_cec.o ABSOLUTE
    ..\Drivers\STM32F4xx_HAL_Driver\Src\stm32f4xx_hal_cortex.c 0x00000000   Number         0  stm32f4xx_hal_cortex.o ABSOLUTE
    ..\Drivers\STM32F4xx_HAL_Driver\Src\stm32f4xx_hal_crc.c 0x00000000   Number         0  stm32f4xx_hal_crc.o ABSOLUTE
    ..\Drivers\STM32F4xx_HAL_Driver\Src\stm32f4xx_hal_cryp.c 0x00000000   Number         0  stm32f4xx_hal_cryp.o ABSOLUTE
    ..\Drivers\STM32F4xx_HAL_Driver\Src\stm32f4xx_hal_cryp_ex.c 0x00000000   Number         0  stm32f4xx_hal_cryp_ex.o ABSOLUTE
    ..\Drivers\STM32F4xx_HAL_Driver\Src\stm32f4xx_hal_dac.c 0x00000000   Number         0  stm32f4xx_hal_dac.o ABSOLUTE
    ..\Drivers\STM32F4xx_HAL_Driver\Src\stm32f4xx_hal_dac_ex.c 0x00000000   Number         0  stm32f4xx_hal_dac_ex.o ABSOLUTE
    ..\Drivers\STM32F4xx_HAL_Driver\Src\stm32f4xx_hal_dcmi.c 0x00000000   Number         0  stm32f4xx_hal_dcmi.o ABSOLUTE
    ..\Drivers\STM32F4xx_HAL_Driver\Src\stm32f4xx_hal_dcmi_ex.c 0x00000000   Number         0  stm32f4xx_hal_dcmi_ex.o ABSOLUTE
    ..\Drivers\STM32F4xx_HAL_Driver\Src\stm32f4xx_hal_dfsdm.c 0x00000000   Number         0  stm32f4xx_hal_dfsdm.o ABSOLUTE
    ..\Drivers\STM32F4xx_HAL_Driver\Src\stm32f4xx_hal_dma.c 0x00000000   Number         0  stm32f4xx_hal_dma.o ABSOLUTE
    ..\Drivers\STM32F4xx_HAL_Driver\Src\stm32f4xx_hal_dma2d.c 0x00000000   Number         0  stm32f4xx_hal_dma2d.o ABSOLUTE
    ..\Drivers\STM32F4xx_HAL_Driver\Src\stm32f4xx_hal_dma_ex.c 0x00000000   Number         0  stm32f4xx_hal_dma_ex.o ABSOLUTE
    ..\Drivers\STM32F4xx_HAL_Driver\Src\stm32f4xx_hal_dsi.c 0x00000000   Number         0  stm32f4xx_hal_dsi.o ABSOLUTE
    ..\Drivers\STM32F4xx_HAL_Driver\Src\stm32f4xx_hal_eth.c 0x00000000   Number         0  stm32f4xx_hal_eth.o ABSOLUTE
    ..\Drivers\STM32F4xx_HAL_Driver\Src\stm32f4xx_hal_exti.c 0x00000000   Number         0  stm32f4xx_hal_exti.o ABSOLUTE
    ..\Drivers\STM32F4xx_HAL_Driver\Src\stm32f4xx_hal_flash.c 0x00000000   Number         0  stm32f4xx_hal_flash.o ABSOLUTE
    ..\Drivers\STM32F4xx_HAL_Driver\Src\stm32f4xx_hal_flash_ex.c 0x00000000   Number         0  stm32f4xx_hal_flash_ex.o ABSOLUTE
    ..\Drivers\STM32F4xx_HAL_Driver\Src\stm32f4xx_hal_flash_ramfunc.c 0x00000000   Number         0  stm32f4xx_hal_flash_ramfunc.o ABSOLUTE
    ..\Drivers\STM32F4xx_HAL_Driver\Src\stm32f4xx_hal_fmpi2c.c 0x00000000   Number         0  stm32f4xx_hal_fmpi2c.o ABSOLUTE
    ..\Drivers\STM32F4xx_HAL_Driver\Src\stm32f4xx_hal_fmpi2c_ex.c 0x00000000   Number         0  stm32f4xx_hal_fmpi2c_ex.o ABSOLUTE
    ..\Drivers\STM32F4xx_HAL_Driver\Src\stm32f4xx_hal_fmpsmbus.c 0x00000000   Number         0  stm32f4xx_hal_fmpsmbus.o ABSOLUTE
    ..\Drivers\STM32F4xx_HAL_Driver\Src\stm32f4xx_hal_fmpsmbus_ex.c 0x00000000   Number         0  stm32f4xx_hal_fmpsmbus_ex.o ABSOLUTE
    ..\Drivers\STM32F4xx_HAL_Driver\Src\stm32f4xx_hal_gpio.c 0x00000000   Number         0  stm32f4xx_hal_gpio.o ABSOLUTE
    ..\Drivers\STM32F4xx_HAL_Driver\Src\stm32f4xx_hal_hash.c 0x00000000   Number         0  stm32f4xx_hal_hash.o ABSOLUTE
    ..\Drivers\STM32F4xx_HAL_Driver\Src\stm32f4xx_hal_hash_ex.c 0x00000000   Number         0  stm32f4xx_hal_hash_ex.o ABSOLUTE
    ..\Drivers\STM32F4xx_HAL_Driver\Src\stm32f4xx_hal_hcd.c 0x00000000   Number         0  stm32f4xx_hal_hcd.o ABSOLUTE
    ..\Drivers\STM32F4xx_HAL_Driver\Src\stm32f4xx_hal_i2c.c 0x00000000   Number         0  stm32f4xx_hal_i2c.o ABSOLUTE
    ..\Drivers\STM32F4xx_HAL_Driver\Src\stm32f4xx_hal_i2c_ex.c 0x00000000   Number         0  stm32f4xx_hal_i2c_ex.o ABSOLUTE
    ..\Drivers\STM32F4xx_HAL_Driver\Src\stm32f4xx_hal_i2s.c 0x00000000   Number         0  stm32f4xx_hal_i2s.o ABSOLUTE
    ..\Drivers\STM32F4xx_HAL_Driver\Src\stm32f4xx_hal_i2s_ex.c 0x00000000   Number         0  stm32f4xx_hal_i2s_ex.o ABSOLUTE
    ..\Drivers\STM32F4xx_HAL_Driver\Src\stm32f4xx_hal_irda.c 0x00000000   Number         0  stm32f4xx_hal_irda.o ABSOLUTE
    ..\Drivers\STM32F4xx_HAL_Driver\Src\stm32f4xx_hal_iwdg.c 0x00000000   Number         0  stm32f4xx_hal_iwdg.o ABSOLUTE
    ..\Drivers\STM32F4xx_HAL_Driver\Src\stm32f4xx_hal_lptim.c 0x00000000   Number         0  stm32f4xx_hal_lptim.o ABSOLUTE
    ..\Drivers\STM32F4xx_HAL_Driver\Src\stm32f4xx_hal_ltdc.c 0x00000000   Number         0  stm32f4xx_hal_ltdc.o ABSOLUTE
    ..\Drivers\STM32F4xx_HAL_Driver\Src\stm32f4xx_hal_ltdc_ex.c 0x00000000   Number         0  stm32f4xx_hal_ltdc_ex.o ABSOLUTE
    ..\Drivers\STM32F4xx_HAL_Driver\Src\stm32f4xx_hal_mmc.c 0x00000000   Number         0  stm32f4xx_hal_mmc.o ABSOLUTE
    ..\Drivers\STM32F4xx_HAL_Driver\Src\stm32f4xx_hal_nand.c 0x00000000   Number         0  stm32f4xx_hal_nand.o ABSOLUTE
    ..\Drivers\STM32F4xx_HAL_Driver\Src\stm32f4xx_hal_nor.c 0x00000000   Number         0  stm32f4xx_hal_nor.o ABSOLUTE
    ..\Drivers\STM32F4xx_HAL_Driver\Src\stm32f4xx_hal_pccard.c 0x00000000   Number         0  stm32f4xx_hal_pccard.o ABSOLUTE
    ..\Drivers\STM32F4xx_HAL_Driver\Src\stm32f4xx_hal_pcd.c 0x00000000   Number         0  stm32f4xx_hal_pcd.o ABSOLUTE
    ..\Drivers\STM32F4xx_HAL_Driver\Src\stm32f4xx_hal_pcd_ex.c 0x00000000   Number         0  stm32f4xx_hal_pcd_ex.o ABSOLUTE
    ..\Drivers\STM32F4xx_HAL_Driver\Src\stm32f4xx_hal_pwr.c 0x00000000   Number         0  stm32f4xx_hal_pwr.o ABSOLUTE
    ..\Drivers\STM32F4xx_HAL_Driver\Src\stm32f4xx_hal_pwr_ex.c 0x00000000   Number         0  stm32f4xx_hal_pwr_ex.o ABSOLUTE
    ..\Drivers\STM32F4xx_HAL_Driver\Src\stm32f4xx_hal_qspi.c 0x00000000   Number         0  stm32f4xx_hal_qspi.o ABSOLUTE
    ..\Drivers\STM32F4xx_HAL_Driver\Src\stm32f4xx_hal_rcc.c 0x00000000   Number         0  stm32f4xx_hal_rcc.o ABSOLUTE
    ..\Drivers\STM32F4xx_HAL_Driver\Src\stm32f4xx_hal_rcc_ex.c 0x00000000   Number         0  stm32f4xx_hal_rcc_ex.o ABSOLUTE
    ..\Drivers\STM32F4xx_HAL_Driver\Src\stm32f4xx_hal_rng.c 0x00000000   Number         0  stm32f4xx_hal_rng.o ABSOLUTE
    ..\Drivers\STM32F4xx_HAL_Driver\Src\stm32f4xx_hal_rtc.c 0x00000000   Number         0  stm32f4xx_hal_rtc.o ABSOLUTE
    ..\Drivers\STM32F4xx_HAL_Driver\Src\stm32f4xx_hal_rtc_ex.c 0x00000000   Number         0  stm32f4xx_hal_rtc_ex.o ABSOLUTE
    ..\Drivers\STM32F4xx_HAL_Driver\Src\stm32f4xx_hal_sai.c 0x00000000   Number         0  stm32f4xx_hal_sai.o ABSOLUTE
    ..\Drivers\STM32F4xx_HAL_Driver\Src\stm32f4xx_hal_sai_ex.c 0x00000000   Number         0  stm32f4xx_hal_sai_ex.o ABSOLUTE
    ..\Drivers\STM32F4xx_HAL_Driver\Src\stm32f4xx_hal_sd.c 0x00000000   Number         0  stm32f4xx_hal_sd.o ABSOLUTE
    ..\Drivers\STM32F4xx_HAL_Driver\Src\stm32f4xx_hal_sdram.c 0x00000000   Number         0  stm32f4xx_hal_sdram.o ABSOLUTE
    ..\Drivers\STM32F4xx_HAL_Driver\Src\stm32f4xx_hal_smartcard.c 0x00000000   Number         0  stm32f4xx_hal_smartcard.o ABSOLUTE
    ..\Drivers\STM32F4xx_HAL_Driver\Src\stm32f4xx_hal_smbus.c 0x00000000   Number         0  stm32f4xx_hal_smbus.o ABSOLUTE
    ..\Drivers\STM32F4xx_HAL_Driver\Src\stm32f4xx_hal_spdifrx.c 0x00000000   Number         0  stm32f4xx_hal_spdifrx.o ABSOLUTE
    ..\Drivers\STM32F4xx_HAL_Driver\Src\stm32f4xx_hal_spi.c 0x00000000   Number         0  stm32f4xx_hal_spi.o ABSOLUTE
    ..\Drivers\STM32F4xx_HAL_Driver\Src\stm32f4xx_hal_sram.c 0x00000000   Number         0  stm32f4xx_hal_sram.o ABSOLUTE
    ..\Drivers\STM32F4xx_HAL_Driver\Src\stm32f4xx_hal_tim.c 0x00000000   Number         0  stm32f4xx_hal_tim.o ABSOLUTE
    ..\Drivers\STM32F4xx_HAL_Driver\Src\stm32f4xx_hal_tim_ex.c 0x00000000   Number         0  stm32f4xx_hal_tim_ex.o ABSOLUTE
    ..\Drivers\STM32F4xx_HAL_Driver\Src\stm32f4xx_hal_uart.c 0x00000000   Number         0  stm32f4xx_hal_uart.o ABSOLUTE
    ..\Drivers\STM32F4xx_HAL_Driver\Src\stm32f4xx_hal_usart.c 0x00000000   Number         0  stm32f4xx_hal_usart.o ABSOLUTE
    ..\Drivers\STM32F4xx_HAL_Driver\Src\stm32f4xx_hal_wwdg.c 0x00000000   Number         0  stm32f4xx_hal_wwdg.o ABSOLUTE
    ..\Drivers\STM32F4xx_HAL_Driver\Src\stm32f4xx_ll_adc.c 0x00000000   Number         0  stm32f4xx_ll_adc.o ABSOLUTE
    ..\Drivers\STM32F4xx_HAL_Driver\Src\stm32f4xx_ll_crc.c 0x00000000   Number         0  stm32f4xx_ll_crc.o ABSOLUTE
    ..\Drivers\STM32F4xx_HAL_Driver\Src\stm32f4xx_ll_dac.c 0x00000000   Number         0  stm32f4xx_ll_dac.o ABSOLUTE
    ..\Drivers\STM32F4xx_HAL_Driver\Src\stm32f4xx_ll_dma.c 0x00000000   Number         0  stm32f4xx_ll_dma.o ABSOLUTE
    ..\Drivers\STM32F4xx_HAL_Driver\Src\stm32f4xx_ll_dma2d.c 0x00000000   Number         0  stm32f4xx_ll_dma2d.o ABSOLUTE
    ..\Drivers\STM32F4xx_HAL_Driver\Src\stm32f4xx_ll_exti.c 0x00000000   Number         0  stm32f4xx_ll_exti.o ABSOLUTE
    ..\Drivers\STM32F4xx_HAL_Driver\Src\stm32f4xx_ll_fmc.c 0x00000000   Number         0  stm32f4xx_ll_fmc.o ABSOLUTE
    ..\Drivers\STM32F4xx_HAL_Driver\Src\stm32f4xx_ll_fmpi2c.c 0x00000000   Number         0  stm32f4xx_ll_fmpi2c.o ABSOLUTE
    ..\Drivers\STM32F4xx_HAL_Driver\Src\stm32f4xx_ll_fsmc.c 0x00000000   Number         0  stm32f4xx_ll_fsmc.o ABSOLUTE
    ..\Drivers\STM32F4xx_HAL_Driver\Src\stm32f4xx_ll_gpio.c 0x00000000   Number         0  stm32f4xx_ll_gpio.o ABSOLUTE
    ..\Drivers\STM32F4xx_HAL_Driver\Src\stm32f4xx_ll_i2c.c 0x00000000   Number         0  stm32f4xx_ll_i2c.o ABSOLUTE
    ..\Drivers\STM32F4xx_HAL_Driver\Src\stm32f4xx_ll_lptim.c 0x00000000   Number         0  stm32f4xx_ll_lptim.o ABSOLUTE
    ..\Drivers\STM32F4xx_HAL_Driver\Src\stm32f4xx_ll_pwr.c 0x00000000   Number         0  stm32f4xx_ll_pwr.o ABSOLUTE
    ..\Drivers\STM32F4xx_HAL_Driver\Src\stm32f4xx_ll_rcc.c 0x00000000   Number         0  stm32f4xx_ll_rcc.o ABSOLUTE
    ..\Drivers\STM32F4xx_HAL_Driver\Src\stm32f4xx_ll_rng.c 0x00000000   Number         0  stm32f4xx_ll_rng.o ABSOLUTE
    ..\Drivers\STM32F4xx_HAL_Driver\Src\stm32f4xx_ll_rtc.c 0x00000000   Number         0  stm32f4xx_ll_rtc.o ABSOLUTE
    ..\Drivers\STM32F4xx_HAL_Driver\Src\stm32f4xx_ll_sdmmc.c 0x00000000   Number         0  stm32f4xx_ll_sdmmc.o ABSOLUTE
    ..\Drivers\STM32F4xx_HAL_Driver\Src\stm32f4xx_ll_spi.c 0x00000000   Number         0  stm32f4xx_ll_spi.o ABSOLUTE
    ..\Drivers\STM32F4xx_HAL_Driver\Src\stm32f4xx_ll_tim.c 0x00000000   Number         0  stm32f4xx_ll_tim.o ABSOLUTE
    ..\Drivers\STM32F4xx_HAL_Driver\Src\stm32f4xx_ll_usart.c 0x00000000   Number         0  stm32f4xx_ll_usart.o ABSOLUTE
    ..\Drivers\STM32F4xx_HAL_Driver\Src\stm32f4xx_ll_usb.c 0x00000000   Number         0  stm32f4xx_ll_usb.o ABSOLUTE
    ..\Drivers\STM32F4xx_HAL_Driver\Src\stm32f4xx_ll_utils.c 0x00000000   Number         0  stm32f4xx_ll_utils.o ABSOLUTE
    ..\\Drivers\\STM32F4xx_HAL_Driver\\Src\\stm32f4xx_hal_adc.c 0x00000000   Number         0  stm32f4xx_hal_adc.o ABSOLUTE
    ..\\Drivers\\STM32F4xx_HAL_Driver\\Src\\stm32f4xx_hal_adc_ex.c 0x00000000   Number         0  stm32f4xx_hal_adc_ex.o ABSOLUTE
    ..\\Drivers\\STM32F4xx_HAL_Driver\\Src\\stm32f4xx_hal_can.c 0x00000000   Number         0  stm32f4xx_hal_can.o ABSOLUTE
    ..\\Drivers\\STM32F4xx_HAL_Driver\\Src\\stm32f4xx_hal_cec.c 0x00000000   Number         0  stm32f4xx_hal_cec.o ABSOLUTE
    ..\\Drivers\\STM32F4xx_HAL_Driver\\Src\\stm32f4xx_hal_crc.c 0x00000000   Number         0  stm32f4xx_hal_crc.o ABSOLUTE
    ..\\Drivers\\STM32F4xx_HAL_Driver\\Src\\stm32f4xx_hal_cryp.c 0x00000000   Number         0  stm32f4xx_hal_cryp.o ABSOLUTE
    ..\\Drivers\\STM32F4xx_HAL_Driver\\Src\\stm32f4xx_hal_cryp_ex.c 0x00000000   Number         0  stm32f4xx_hal_cryp_ex.o ABSOLUTE
    ..\\Drivers\\STM32F4xx_HAL_Driver\\Src\\stm32f4xx_hal_dac.c 0x00000000   Number         0  stm32f4xx_hal_dac.o ABSOLUTE
    ..\\Drivers\\STM32F4xx_HAL_Driver\\Src\\stm32f4xx_hal_dac_ex.c 0x00000000   Number         0  stm32f4xx_hal_dac_ex.o ABSOLUTE
    ..\\Drivers\\STM32F4xx_HAL_Driver\\Src\\stm32f4xx_hal_dcmi.c 0x00000000   Number         0  stm32f4xx_hal_dcmi.o ABSOLUTE
    ..\\Drivers\\STM32F4xx_HAL_Driver\\Src\\stm32f4xx_hal_dcmi_ex.c 0x00000000   Number         0  stm32f4xx_hal_dcmi_ex.o ABSOLUTE
    ..\\Drivers\\STM32F4xx_HAL_Driver\\Src\\stm32f4xx_hal_dfsdm.c 0x00000000   Number         0  stm32f4xx_hal_dfsdm.o ABSOLUTE
    ..\\Drivers\\STM32F4xx_HAL_Driver\\Src\\stm32f4xx_hal_dma2d.c 0x00000000   Number         0  stm32f4xx_hal_dma2d.o ABSOLUTE
    ..\\Drivers\\STM32F4xx_HAL_Driver\\Src\\stm32f4xx_hal_dsi.c 0x00000000   Number         0  stm32f4xx_hal_dsi.o ABSOLUTE
    ..\\Drivers\\STM32F4xx_HAL_Driver\\Src\\stm32f4xx_hal_eth.c 0x00000000   Number         0  stm32f4xx_hal_eth.o ABSOLUTE
    ..\\Drivers\\STM32F4xx_HAL_Driver\\Src\\stm32f4xx_hal_fmpi2c.c 0x00000000   Number         0  stm32f4xx_hal_fmpi2c.o ABSOLUTE
    ..\\Drivers\\STM32F4xx_HAL_Driver\\Src\\stm32f4xx_hal_fmpi2c_ex.c 0x00000000   Number         0  stm32f4xx_hal_fmpi2c_ex.o ABSOLUTE
    ..\\Drivers\\STM32F4xx_HAL_Driver\\Src\\stm32f4xx_hal_fmpsmbus.c 0x00000000   Number         0  stm32f4xx_hal_fmpsmbus.o ABSOLUTE
    ..\\Drivers\\STM32F4xx_HAL_Driver\\Src\\stm32f4xx_hal_fmpsmbus_ex.c 0x00000000   Number         0  stm32f4xx_hal_fmpsmbus_ex.o ABSOLUTE
    ..\\Drivers\\STM32F4xx_HAL_Driver\\Src\\stm32f4xx_hal_hash.c 0x00000000   Number         0  stm32f4xx_hal_hash.o ABSOLUTE
    ..\\Drivers\\STM32F4xx_HAL_Driver\\Src\\stm32f4xx_hal_hash_ex.c 0x00000000   Number         0  stm32f4xx_hal_hash_ex.o ABSOLUTE
    ..\\Drivers\\STM32F4xx_HAL_Driver\\Src\\stm32f4xx_hal_hcd.c 0x00000000   Number         0  stm32f4xx_hal_hcd.o ABSOLUTE
    ..\\Drivers\\STM32F4xx_HAL_Driver\\Src\\stm32f4xx_hal_i2s.c 0x00000000   Number         0  stm32f4xx_hal_i2s.o ABSOLUTE
    ..\\Drivers\\STM32F4xx_HAL_Driver\\Src\\stm32f4xx_hal_i2s_ex.c 0x00000000   Number         0  stm32f4xx_hal_i2s_ex.o ABSOLUTE
    ..\\Drivers\\STM32F4xx_HAL_Driver\\Src\\stm32f4xx_hal_irda.c 0x00000000   Number         0  stm32f4xx_hal_irda.o ABSOLUTE
    ..\\Drivers\\STM32F4xx_HAL_Driver\\Src\\stm32f4xx_hal_iwdg.c 0x00000000   Number         0  stm32f4xx_hal_iwdg.o ABSOLUTE
    ..\\Drivers\\STM32F4xx_HAL_Driver\\Src\\stm32f4xx_hal_lptim.c 0x00000000   Number         0  stm32f4xx_hal_lptim.o ABSOLUTE
    ..\\Drivers\\STM32F4xx_HAL_Driver\\Src\\stm32f4xx_hal_ltdc.c 0x00000000   Number         0  stm32f4xx_hal_ltdc.o ABSOLUTE
    ..\\Drivers\\STM32F4xx_HAL_Driver\\Src\\stm32f4xx_hal_ltdc_ex.c 0x00000000   Number         0  stm32f4xx_hal_ltdc_ex.o ABSOLUTE
    ..\\Drivers\\STM32F4xx_HAL_Driver\\Src\\stm32f4xx_hal_mmc.c 0x00000000   Number         0  stm32f4xx_hal_mmc.o ABSOLUTE
    ..\\Drivers\\STM32F4xx_HAL_Driver\\Src\\stm32f4xx_hal_nand.c 0x00000000   Number         0  stm32f4xx_hal_nand.o ABSOLUTE
    ..\\Drivers\\STM32F4xx_HAL_Driver\\Src\\stm32f4xx_hal_nor.c 0x00000000   Number         0  stm32f4xx_hal_nor.o ABSOLUTE
    ..\\Drivers\\STM32F4xx_HAL_Driver\\Src\\stm32f4xx_hal_pccard.c 0x00000000   Number         0  stm32f4xx_hal_pccard.o ABSOLUTE
    ..\\Drivers\\STM32F4xx_HAL_Driver\\Src\\stm32f4xx_hal_pcd.c 0x00000000   Number         0  stm32f4xx_hal_pcd.o ABSOLUTE
    ..\\Drivers\\STM32F4xx_HAL_Driver\\Src\\stm32f4xx_hal_pcd_ex.c 0x00000000   Number         0  stm32f4xx_hal_pcd_ex.o ABSOLUTE
    ..\\Drivers\\STM32F4xx_HAL_Driver\\Src\\stm32f4xx_hal_qspi.c 0x00000000   Number         0  stm32f4xx_hal_qspi.o ABSOLUTE
    ..\\Drivers\\STM32F4xx_HAL_Driver\\Src\\stm32f4xx_hal_rng.c 0x00000000   Number         0  stm32f4xx_hal_rng.o ABSOLUTE
    ..\\Drivers\\STM32F4xx_HAL_Driver\\Src\\stm32f4xx_hal_rtc.c 0x00000000   Number         0  stm32f4xx_hal_rtc.o ABSOLUTE
    ..\\Drivers\\STM32F4xx_HAL_Driver\\Src\\stm32f4xx_hal_rtc_ex.c 0x00000000   Number         0  stm32f4xx_hal_rtc_ex.o ABSOLUTE
    ..\\Drivers\\STM32F4xx_HAL_Driver\\Src\\stm32f4xx_hal_sai.c 0x00000000   Number         0  stm32f4xx_hal_sai.o ABSOLUTE
    ..\\Drivers\\STM32F4xx_HAL_Driver\\Src\\stm32f4xx_hal_sai_ex.c 0x00000000   Number         0  stm32f4xx_hal_sai_ex.o ABSOLUTE
    ..\\Drivers\\STM32F4xx_HAL_Driver\\Src\\stm32f4xx_hal_sd.c 0x00000000   Number         0  stm32f4xx_hal_sd.o ABSOLUTE
    ..\\Drivers\\STM32F4xx_HAL_Driver\\Src\\stm32f4xx_hal_sdram.c 0x00000000   Number         0  stm32f4xx_hal_sdram.o ABSOLUTE
    ..\\Drivers\\STM32F4xx_HAL_Driver\\Src\\stm32f4xx_hal_smartcard.c 0x00000000   Number         0  stm32f4xx_hal_smartcard.o ABSOLUTE
    ..\\Drivers\\STM32F4xx_HAL_Driver\\Src\\stm32f4xx_hal_smbus.c 0x00000000   Number         0  stm32f4xx_hal_smbus.o ABSOLUTE
    ..\\Drivers\\STM32F4xx_HAL_Driver\\Src\\stm32f4xx_hal_spdifrx.c 0x00000000   Number         0  stm32f4xx_hal_spdifrx.o ABSOLUTE
    ..\\Drivers\\STM32F4xx_HAL_Driver\\Src\\stm32f4xx_hal_spi.c 0x00000000   Number         0  stm32f4xx_hal_spi.o ABSOLUTE
    ..\\Drivers\\STM32F4xx_HAL_Driver\\Src\\stm32f4xx_hal_sram.c 0x00000000   Number         0  stm32f4xx_hal_sram.o ABSOLUTE
    ..\\Drivers\\STM32F4xx_HAL_Driver\\Src\\stm32f4xx_hal_usart.c 0x00000000   Number         0  stm32f4xx_hal_usart.o ABSOLUTE
    ..\\Drivers\\STM32F4xx_HAL_Driver\\Src\\stm32f4xx_hal_wwdg.c 0x00000000   Number         0  stm32f4xx_hal_wwdg.o ABSOLUTE
    ..\\Drivers\\STM32F4xx_HAL_Driver\\Src\\stm32f4xx_ll_fmc.c 0x00000000   Number         0  stm32f4xx_ll_fmc.o ABSOLUTE
    ..\\Drivers\\STM32F4xx_HAL_Driver\\Src\\stm32f4xx_ll_fsmc.c 0x00000000   Number         0  stm32f4xx_ll_fsmc.o ABSOLUTE
    ..\\Drivers\\STM32F4xx_HAL_Driver\\Src\\stm32f4xx_ll_sdmmc.c 0x00000000   Number         0  stm32f4xx_ll_sdmmc.o ABSOLUTE
    ..\\Drivers\\STM32F4xx_HAL_Driver\\Src\\stm32f4xx_ll_usb.c 0x00000000   Number         0  stm32f4xx_ll_usb.o ABSOLUTE
    ..\\Drivers\\STM32F4xx_HAL_Driver\\Src\\stm32f4xx_ll_utils.c 0x00000000   Number         0  stm32f4xx_ll_utils.o ABSOLUTE
    ..\\han_shu\\ceju.c                      0x00000000   Number         0  ceju.o ABSOLUTE
    ..\\han_shu\\dianji.c                    0x00000000   Number         0  dianji.o ABSOLUTE
    ..\\han_shu\\han_shu.c                   0x00000000   Number         0  han_shu.o ABSOLUTE
    ..\\han_shu\\tuoluoyi.c                  0x00000000   Number         0  tuoluoyi.o ABSOLUTE
    ..\\han_shu\\xunji.c                     0x00000000   Number         0  xunji.o ABSOLUTE
    ..\han_shu\ceju.c                        0x00000000   Number         0  ceju.o ABSOLUTE
    ..\han_shu\dianji.c                      0x00000000   Number         0  dianji.o ABSOLUTE
    ..\han_shu\han_shu.c                     0x00000000   Number         0  han_shu.o ABSOLUTE
    ..\han_shu\tuoluoyi.c                    0x00000000   Number         0  tuoluoyi.o ABSOLUTE
    ..\han_shu\xunji.c                       0x00000000   Number         0  xunji.o ABSOLUTE
    cdrcmple.s                               0x00000000   Number         0  cdrcmple.o ABSOLUTE
    dc.s                                     0x00000000   Number         0  dc.o ABSOLUTE
    handlers.s                               0x00000000   Number         0  handlers.o ABSOLUTE
    init.s                                   0x00000000   Number         0  init.o ABSOLUTE
    startup_stm32f411xe.s                    0x00000000   Number         0  startup_stm32f411xe.o ABSOLUTE
    RESET                                    0x08000000   Section      408  startup_stm32f411xe.o(RESET)
    .ARM.Collect$$$$00000000                 0x08000198   Section        0  entry.o(.ARM.Collect$$$$00000000)
    .ARM.Collect$$$$00000001                 0x08000198   Section        4  entry2.o(.ARM.Collect$$$$00000001)
    .ARM.Collect$$$$00000004                 0x0800019c   Section        4  entry5.o(.ARM.Collect$$$$00000004)
    .ARM.Collect$$$$00000008                 0x080001a0   Section        0  entry7b.o(.ARM.Collect$$$$00000008)
    .ARM.Collect$$$$0000000A                 0x080001a0   Section        0  entry8b.o(.ARM.Collect$$$$0000000A)
    .ARM.Collect$$$$0000000B                 0x080001a0   Section        8  entry9a.o(.ARM.Collect$$$$0000000B)
    .ARM.Collect$$$$0000000D                 0x080001a8   Section        0  entry10a.o(.ARM.Collect$$$$0000000D)
    .ARM.Collect$$$$0000000F                 0x080001a8   Section        0  entry11a.o(.ARM.Collect$$$$0000000F)
    .ARM.Collect$$$$00002712                 0x080001a8   Section        4  entry2.o(.ARM.Collect$$$$00002712)
    __lit__00000000                          0x080001a8   Data           4  entry2.o(.ARM.Collect$$$$00002712)
    .text                                    0x080001ac   Section       36  startup_stm32f411xe.o(.text)
    $v0                                      0x080001ac   Number         0  startup_stm32f411xe.o(.text)
    .text                                    0x080001d0   Section        0  uldiv.o(.text)
    .text                                    0x08000232   Section        0  memseta.o(.text)
    .text                                    0x08000256   Section        0  dmul.o(.text)
    .text                                    0x0800033a   Section        0  ddiv.o(.text)
    .text                                    0x08000418   Section        0  dfltui.o(.text)
    .text                                    0x08000432   Section        0  d2f.o(.text)
    .text                                    0x0800046a   Section        0  uidiv.o(.text)
    .text                                    0x08000496   Section        0  llshl.o(.text)
    .text                                    0x080004b4   Section        0  llushr.o(.text)
    .text                                    0x080004d4   Section        0  iusefp.o(.text)
    .text                                    0x080004d4   Section        0  fepilogue.o(.text)
    .text                                    0x08000542   Section        0  depilogue.o(.text)
    .text                                    0x080005fc   Section       36  init.o(.text)
    i.BusFault_Handler                       0x08000620   Section        0  stm32f4xx_it.o(i.BusFault_Handler)
    i.DebugMon_Handler                       0x08000624   Section        0  stm32f4xx_it.o(i.DebugMon_Handler)
    i.Dianjisudu                             0x08000626   Section        0  dianji.o(i.Dianjisudu)
    i.Error_Handler                          0x0800063a   Section        0  main.o(i.Error_Handler)
    i.Get_Z_RotationAngle                    0x08000640   Section        0  tuoluoyi.o(i.Get_Z_RotationAngle)
    i.HAL_DMA_Abort                          0x08000798   Section        0  stm32f4xx_hal_dma.o(i.HAL_DMA_Abort)
    i.HAL_DMA_Abort_IT                       0x08000844   Section        0  stm32f4xx_hal_dma.o(i.HAL_DMA_Abort_IT)
    i.HAL_Delay                              0x0800086c   Section        0  stm32f4xx_hal.o(i.HAL_Delay)
    i.HAL_GPIO_Init                          0x08000894   Section        0  stm32f4xx_hal_gpio.o(i.HAL_GPIO_Init)
    i.HAL_GPIO_ReadPin                       0x08000a5c   Section        0  stm32f4xx_hal_gpio.o(i.HAL_GPIO_ReadPin)
    i.HAL_GPIO_WritePin                      0x08000a6c   Section        0  stm32f4xx_hal_gpio.o(i.HAL_GPIO_WritePin)
    i.HAL_GetTick                            0x08000a78   Section        0  stm32f4xx_hal.o(i.HAL_GetTick)
    i.HAL_I2C_Init                           0x08000a84   Section        0  stm32f4xx_hal_i2c.o(i.HAL_I2C_Init)
    i.HAL_I2C_Mem_Read                       0x08000c54   Section        0  stm32f4xx_hal_i2c.o(i.HAL_I2C_Mem_Read)
    i.HAL_I2C_Mem_Write                      0x08000f5c   Section        0  stm32f4xx_hal_i2c.o(i.HAL_I2C_Mem_Write)
    i.HAL_I2C_MspInit                        0x080010c0   Section        0  stm32f4xx_hal_msp.o(i.HAL_I2C_MspInit)
    i.HAL_IncTick                            0x08001148   Section        0  stm32f4xx_hal.o(i.HAL_IncTick)
    i.HAL_Init                               0x08001160   Section        0  stm32f4xx_hal.o(i.HAL_Init)
    i.HAL_InitTick                           0x0800119c   Section        0  stm32f4xx_hal.o(i.HAL_InitTick)
    i.HAL_MspInit                            0x080011e8   Section        0  stm32f4xx_hal_msp.o(i.HAL_MspInit)
    i.HAL_NVIC_EnableIRQ                     0x08001230   Section        0  stm32f4xx_hal_cortex.o(i.HAL_NVIC_EnableIRQ)
    i.HAL_NVIC_SetPriority                   0x08001258   Section        0  stm32f4xx_hal_cortex.o(i.HAL_NVIC_SetPriority)
    i.HAL_NVIC_SetPriorityGrouping           0x080012d4   Section        0  stm32f4xx_hal_cortex.o(i.HAL_NVIC_SetPriorityGrouping)
    i.HAL_RCC_ClockConfig                    0x080012fc   Section        0  stm32f4xx_hal_rcc.o(i.HAL_RCC_ClockConfig)
    i.HAL_RCC_GetHCLKFreq                    0x08001480   Section        0  stm32f4xx_hal_rcc.o(i.HAL_RCC_GetHCLKFreq)
    i.HAL_RCC_GetPCLK1Freq                   0x0800148c   Section        0  stm32f4xx_hal_rcc.o(i.HAL_RCC_GetPCLK1Freq)
    i.HAL_RCC_GetPCLK2Freq                   0x080014ac   Section        0  stm32f4xx_hal_rcc.o(i.HAL_RCC_GetPCLK2Freq)
    i.HAL_RCC_GetSysClockFreq                0x080014cc   Section        0  stm32f4xx_hal_rcc.o(i.HAL_RCC_GetSysClockFreq)
    i.HAL_RCC_OscConfig                      0x0800157c   Section        0  stm32f4xx_hal_rcc.o(i.HAL_RCC_OscConfig)
    i.HAL_SYSTICK_Config                     0x08001a18   Section        0  stm32f4xx_hal_cortex.o(i.HAL_SYSTICK_Config)
    i.HAL_TIMEx_MasterConfigSynchronization  0x08001a4c   Section        0  stm32f4xx_hal_tim_ex.o(i.HAL_TIMEx_MasterConfigSynchronization)
    i.HAL_TIM_Base_Init                      0x08001ae8   Section        0  stm32f4xx_hal_tim.o(i.HAL_TIM_Base_Init)
    i.HAL_TIM_Base_MspInit                   0x08001b50   Section        0  stm32f4xx_hal_msp.o(i.HAL_TIM_Base_MspInit)
    i.HAL_TIM_Base_Start                     0x08001bb4   Section        0  stm32f4xx_hal_tim.o(i.HAL_TIM_Base_Start)
    i.HAL_TIM_ConfigClockSource              0x08001c38   Section        0  stm32f4xx_hal_tim.o(i.HAL_TIM_ConfigClockSource)
    i.HAL_TIM_MspPostInit                    0x08001d44   Section        0  stm32f4xx_hal_msp.o(i.HAL_TIM_MspPostInit)
    i.HAL_TIM_PWM_ConfigChannel              0x08001de0   Section        0  stm32f4xx_hal_tim.o(i.HAL_TIM_PWM_ConfigChannel)
    i.HAL_TIM_PWM_Init                       0x08001ee4   Section        0  stm32f4xx_hal_tim.o(i.HAL_TIM_PWM_Init)
    i.HAL_TIM_PWM_MspInit                    0x08001f4a   Section        0  stm32f4xx_hal_tim.o(i.HAL_TIM_PWM_MspInit)
    i.HAL_TIM_PWM_Start                      0x08001f4c   Section        0  stm32f4xx_hal_tim.o(i.HAL_TIM_PWM_Start)
    i.HAL_UARTEx_RxEventCallback             0x08002038   Section        0  stm32f4xx_hal_uart.o(i.HAL_UARTEx_RxEventCallback)
    i.HAL_UART_ErrorCallback                 0x0800203a   Section        0  stm32f4xx_hal_uart.o(i.HAL_UART_ErrorCallback)
    i.HAL_UART_IRQHandler                    0x0800203c   Section        0  stm32f4xx_hal_uart.o(i.HAL_UART_IRQHandler)
    i.HAL_UART_Init                          0x08002344   Section        0  stm32f4xx_hal_uart.o(i.HAL_UART_Init)
    i.HAL_UART_MspInit                       0x080023bc   Section        0  stm32f4xx_hal_msp.o(i.HAL_UART_MspInit)
    i.HAL_UART_RxCpltCallback                0x08002454   Section        0  stm32f4xx_hal_uart.o(i.HAL_UART_RxCpltCallback)
    i.HAL_UART_Transmit                      0x08002456   Section        0  stm32f4xx_hal_uart.o(i.HAL_UART_Transmit)
    i.HAL_UART_TxCpltCallback                0x08002514   Section        0  stm32f4xx_hal_uart.o(i.HAL_UART_TxCpltCallback)
    i.HardFault_Handler                      0x08002516   Section        0  stm32f4xx_it.o(i.HardFault_Handler)
    i.I2C_IsAcknowledgeFailed                0x0800251a   Section        0  stm32f4xx_hal_i2c.o(i.I2C_IsAcknowledgeFailed)
    I2C_IsAcknowledgeFailed                  0x0800251b   Thumb Code    62  stm32f4xx_hal_i2c.o(i.I2C_IsAcknowledgeFailed)
    i.I2C_RequestMemoryRead                  0x08002558   Section        0  stm32f4xx_hal_i2c.o(i.I2C_RequestMemoryRead)
    I2C_RequestMemoryRead                    0x08002559   Thumb Code   348  stm32f4xx_hal_i2c.o(i.I2C_RequestMemoryRead)
    i.I2C_RequestMemoryWrite                 0x080026b8   Section        0  stm32f4xx_hal_i2c.o(i.I2C_RequestMemoryWrite)
    I2C_RequestMemoryWrite                   0x080026b9   Thumb Code   220  stm32f4xx_hal_i2c.o(i.I2C_RequestMemoryWrite)
    i.I2C_WaitOnBTFFlagUntilTimeout          0x08002798   Section        0  stm32f4xx_hal_i2c.o(i.I2C_WaitOnBTFFlagUntilTimeout)
    I2C_WaitOnBTFFlagUntilTimeout            0x08002799   Thumb Code   102  stm32f4xx_hal_i2c.o(i.I2C_WaitOnBTFFlagUntilTimeout)
    i.I2C_WaitOnFlagUntilTimeout             0x080027fe   Section        0  stm32f4xx_hal_i2c.o(i.I2C_WaitOnFlagUntilTimeout)
    I2C_WaitOnFlagUntilTimeout               0x080027ff   Thumb Code   190  stm32f4xx_hal_i2c.o(i.I2C_WaitOnFlagUntilTimeout)
    i.I2C_WaitOnMasterAddressFlagUntilTimeout 0x080028bc   Section        0  stm32f4xx_hal_i2c.o(i.I2C_WaitOnMasterAddressFlagUntilTimeout)
    I2C_WaitOnMasterAddressFlagUntilTimeout  0x080028bd   Thumb Code   250  stm32f4xx_hal_i2c.o(i.I2C_WaitOnMasterAddressFlagUntilTimeout)
    i.I2C_WaitOnRXNEFlagUntilTimeout         0x080029b6   Section        0  stm32f4xx_hal_i2c.o(i.I2C_WaitOnRXNEFlagUntilTimeout)
    I2C_WaitOnRXNEFlagUntilTimeout           0x080029b7   Thumb Code   138  stm32f4xx_hal_i2c.o(i.I2C_WaitOnRXNEFlagUntilTimeout)
    i.I2C_WaitOnTXEFlagUntilTimeout          0x08002a40   Section        0  stm32f4xx_hal_i2c.o(i.I2C_WaitOnTXEFlagUntilTimeout)
    I2C_WaitOnTXEFlagUntilTimeout            0x08002a41   Thumb Code   102  stm32f4xx_hal_i2c.o(i.I2C_WaitOnTXEFlagUntilTimeout)
    i.LeftDianji                             0x08002aa8   Section        0  dianji.o(i.LeftDianji)
    i.MPU6050_Init_Fast                      0x08002af8   Section        0  tuoluoyi.o(i.MPU6050_Init_Fast)
    MPU6050_Init_Fast                        0x08002af9   Thumb Code   192  tuoluoyi.o(i.MPU6050_Init_Fast)
    i.MPU6050_ReadFiltered                   0x08002bbc   Section        0  tuoluoyi.o(i.MPU6050_ReadFiltered)
    i.MX_GPIO_Init                           0x08002ce4   Section        0  main.o(i.MX_GPIO_Init)
    MX_GPIO_Init                             0x08002ce5   Thumb Code   242  main.o(i.MX_GPIO_Init)
    i.MX_I2C1_Init                           0x08002de4   Section        0  main.o(i.MX_I2C1_Init)
    MX_I2C1_Init                             0x08002de5   Thumb Code    48  main.o(i.MX_I2C1_Init)
    i.MX_TIM11_Init                          0x08002e20   Section        0  main.o(i.MX_TIM11_Init)
    MX_TIM11_Init                            0x08002e21   Thumb Code    42  main.o(i.MX_TIM11_Init)
    i.MX_TIM3_Init                           0x08002e54   Section        0  main.o(i.MX_TIM3_Init)
    MX_TIM3_Init                             0x08002e55   Thumb Code   202  main.o(i.MX_TIM3_Init)
    i.MX_USART1_UART_Init                    0x08002f28   Section        0  main.o(i.MX_USART1_UART_Init)
    MX_USART1_UART_Init                      0x08002f29   Thumb Code    46  main.o(i.MX_USART1_UART_Init)
    i.MemManage_Handler                      0x08002f60   Section        0  stm32f4xx_it.o(i.MemManage_Handler)
    i.NMI_Handler                            0x08002f64   Section        0  stm32f4xx_it.o(i.NMI_Handler)
    i.PendSV_Handler                         0x08002f68   Section        0  stm32f4xx_it.o(i.PendSV_Handler)
    i.RightDianji                            0x08002f6c   Section        0  dianji.o(i.RightDianji)
    i.SVC_Handler                            0x08002fbc   Section        0  stm32f4xx_it.o(i.SVC_Handler)
    i.SysTick_Handler                        0x08002fbe   Section        0  stm32f4xx_it.o(i.SysTick_Handler)
    i.SystemClock_Config                     0x08002fc8   Section        0  main.o(i.SystemClock_Config)
    i.SystemInit                             0x08003078   Section        0  system_stm32f4xx.o(i.SystemInit)
    i.TIM11_Delay_us                         0x0800308c   Section        0  ceju.o(i.TIM11_Delay_us)
    i.TIM_Base_SetConfig                     0x080030a8   Section        0  stm32f4xx_hal_tim.o(i.TIM_Base_SetConfig)
    i.TIM_CCxChannelCmd                      0x08003154   Section        0  stm32f4xx_hal_tim.o(i.TIM_CCxChannelCmd)
    i.TIM_ETR_SetConfig                      0x08003176   Section        0  stm32f4xx_hal_tim.o(i.TIM_ETR_SetConfig)
    i.TIM_ITRx_SetConfig                     0x0800318c   Section        0  stm32f4xx_hal_tim.o(i.TIM_ITRx_SetConfig)
    TIM_ITRx_SetConfig                       0x0800318d   Thumb Code    18  stm32f4xx_hal_tim.o(i.TIM_ITRx_SetConfig)
    i.TIM_OC1_SetConfig                      0x080031a0   Section        0  stm32f4xx_hal_tim.o(i.TIM_OC1_SetConfig)
    TIM_OC1_SetConfig                        0x080031a1   Thumb Code    90  stm32f4xx_hal_tim.o(i.TIM_OC1_SetConfig)
    i.TIM_OC2_SetConfig                      0x08003200   Section        0  stm32f4xx_hal_tim.o(i.TIM_OC2_SetConfig)
    i.TIM_OC3_SetConfig                      0x08003268   Section        0  stm32f4xx_hal_tim.o(i.TIM_OC3_SetConfig)
    TIM_OC3_SetConfig                        0x08003269   Thumb Code    98  stm32f4xx_hal_tim.o(i.TIM_OC3_SetConfig)
    i.TIM_OC4_SetConfig                      0x080032d0   Section        0  stm32f4xx_hal_tim.o(i.TIM_OC4_SetConfig)
    TIM_OC4_SetConfig                        0x080032d1   Thumb Code    68  stm32f4xx_hal_tim.o(i.TIM_OC4_SetConfig)
    i.TIM_TI1_ConfigInputStage               0x08003318   Section        0  stm32f4xx_hal_tim.o(i.TIM_TI1_ConfigInputStage)
    TIM_TI1_ConfigInputStage                 0x08003319   Thumb Code    38  stm32f4xx_hal_tim.o(i.TIM_TI1_ConfigInputStage)
    i.TIM_TI2_ConfigInputStage               0x0800333e   Section        0  stm32f4xx_hal_tim.o(i.TIM_TI2_ConfigInputStage)
    TIM_TI2_ConfigInputStage                 0x0800333f   Thumb Code    40  stm32f4xx_hal_tim.o(i.TIM_TI2_ConfigInputStage)
    i.Tuoluoyi_Calibrate                     0x08003368   Section        0  tuoluoyi.o(i.Tuoluoyi_Calibrate)
    i.UART_DMAAbortOnError                   0x08003400   Section        0  stm32f4xx_hal_uart.o(i.UART_DMAAbortOnError)
    UART_DMAAbortOnError                     0x08003401   Thumb Code    18  stm32f4xx_hal_uart.o(i.UART_DMAAbortOnError)
    i.UART_EndRxTransfer                     0x08003412   Section        0  stm32f4xx_hal_uart.o(i.UART_EndRxTransfer)
    UART_EndRxTransfer                       0x08003413   Thumb Code   108  stm32f4xx_hal_uart.o(i.UART_EndRxTransfer)
    i.UART_EndTransmit_IT                    0x0800347e   Section        0  stm32f4xx_hal_uart.o(i.UART_EndTransmit_IT)
    UART_EndTransmit_IT                      0x0800347f   Thumb Code    32  stm32f4xx_hal_uart.o(i.UART_EndTransmit_IT)
    i.UART_Receive_IT                        0x0800349e   Section        0  stm32f4xx_hal_uart.o(i.UART_Receive_IT)
    UART_Receive_IT                          0x0800349f   Thumb Code   252  stm32f4xx_hal_uart.o(i.UART_Receive_IT)
    i.UART_SetConfig                         0x0800359c   Section        0  stm32f4xx_hal_uart.o(i.UART_SetConfig)
    UART_SetConfig                           0x0800359d   Thumb Code   546  stm32f4xx_hal_uart.o(i.UART_SetConfig)
    i.UART_Transmit_IT                       0x080037c8   Section        0  stm32f4xx_hal_uart.o(i.UART_Transmit_IT)
    UART_Transmit_IT                         0x080037c9   Thumb Code    96  stm32f4xx_hal_uart.o(i.UART_Transmit_IT)
    i.UART_WaitOnFlagUntilTimeout            0x08003828   Section        0  stm32f4xx_hal_uart.o(i.UART_WaitOnFlagUntilTimeout)
    UART_WaitOnFlagUntilTimeout              0x08003829   Thumb Code   140  stm32f4xx_hal_uart.o(i.UART_WaitOnFlagUntilTimeout)
    i.USART1_IRQHandler                      0x080038b4   Section        0  stm32f4xx_it.o(i.USART1_IRQHandler)
    i.UsageFault_Handler                     0x080038c4   Section        0  stm32f4xx_it.o(i.UsageFault_Handler)
    i.Xuanzhuan                              0x080038c8   Section        0  tuoluoyi.o(i.Xuanzhuan)
    i.Zhizou                                 0x080039e0   Section        0  tuoluoyi.o(i.Zhizou)
    i.__0printf$6                            0x08003aac   Section        0  printf6.o(i.__0printf$6)
    i.__NVIC_GetPriorityGrouping             0x08003acc   Section        0  stm32f4xx_hal_cortex.o(i.__NVIC_GetPriorityGrouping)
    __NVIC_GetPriorityGrouping               0x08003acd   Thumb Code    10  stm32f4xx_hal_cortex.o(i.__NVIC_GetPriorityGrouping)
    i.__NVIC_SetPriority                     0x08003adc   Section        0  stm32f4xx_hal_cortex.o(i.__NVIC_SetPriority)
    __NVIC_SetPriority                       0x08003add   Thumb Code    32  stm32f4xx_hal_cortex.o(i.__NVIC_SetPriority)
    i.__scatterload_copy                     0x08003b04   Section       14  handlers.o(i.__scatterload_copy)
    i.__scatterload_null                     0x08003b12   Section        2  handlers.o(i.__scatterload_null)
    i.__scatterload_zeroinit                 0x08003b14   Section       14  handlers.o(i.__scatterload_zeroinit)
    i._printf_core                           0x08003b24   Section        0  printf6.o(i._printf_core)
    _printf_core                             0x08003b25   Thumb Code   748  printf6.o(i._printf_core)
    i._printf_post_padding                   0x08003e14   Section        0  printf6.o(i._printf_post_padding)
    _printf_post_padding                     0x08003e15   Thumb Code    36  printf6.o(i._printf_post_padding)
    i._printf_pre_padding                    0x08003e38   Section        0  printf6.o(i._printf_pre_padding)
    _printf_pre_padding                      0x08003e39   Thumb Code    46  printf6.o(i._printf_pre_padding)
    i.chaoshenboceju                         0x08003e68   Section        0  ceju.o(i.chaoshenboceju)
    i.cmd_1                                  0x08003f38   Section        0  han_shu.o(i.cmd_1)
    i.cmd_10                                 0x08003f48   Section        0  han_shu.o(i.cmd_10)
    i.cmd_11                                 0x08003f64   Section        0  han_shu.o(i.cmd_11)
    i.cmd_2                                  0x08003f78   Section        0  han_shu.o(i.cmd_2)
    i.cmd_3                                  0x08003f88   Section        0  han_shu.o(i.cmd_3)
    i.cmd_4                                  0x08003f9c   Section        0  han_shu.o(i.cmd_4)
    i.cmd_5                                  0x08003fb0   Section        0  han_shu.o(i.cmd_5)
    i.cmd_6                                  0x08003fc4   Section        0  han_shu.o(i.cmd_6)
    i.cmd_7                                  0x08003fd8   Section        0  han_shu.o(i.cmd_7)
    i.cmd_8                                  0x08003ff4   Section        0  han_shu.o(i.cmd_8)
    i.cmd_9                                  0x08004010   Section        0  han_shu.o(i.cmd_9)
    i.fputc                                  0x0800402c   Section        0  main.o(i.fputc)
    i.huiduzhi                               0x08004048   Section        0  xunji.o(i.huiduzhi)
    i.jiansudai                              0x080041a8   Section        0  han_shu.o(i.jiansudai)
    i.main                                   0x0800420c   Section        0  main.o(i.main)
    i.xiapo                                  0x080044b8   Section        0  han_shu.o(i.xiapo)
    i.xunji                                  0x08004574   Section        0  han_shu.o(i.xunji)
    i.zonghuiduzhi                           0x080045b0   Section        0  xunji.o(i.zonghuiduzhi)
    .constdata                               0x08004620   Section       24  system_stm32f4xx.o(.constdata)
    .data                                    0x20000000   Section       37  main.o(.data)
    .data                                    0x20000028   Section        9  stm32f4xx_hal.o(.data)
    .data                                    0x20000034   Section        4  system_stm32f4xx.o(.data)
    .data                                    0x20000038   Section      154  han_shu.o(.data)
    .data                                    0x200000d4   Section       20  tuoluoyi.o(.data)
    angle_z                                  0x200000d4   Data           4  tuoluoyi.o(.data)
    last_time                                0x200000d8   Data           4  tuoluoyi.o(.data)
    gyro_z_bias                              0x200000dc   Data           4  tuoluoyi.o(.data)
    bias_cnt                                 0x200000e0   Data           2  tuoluoyi.o(.data)
    bias_sum                                 0x200000e4   Data           4  tuoluoyi.o(.data)
    .data                                    0x200000e8   Section        4  stdout.o(.data)
    .bss                                     0x200000ec   Section      300  main.o(.bss)
    STACK                                    0x20000218   Section     1024  startup_stm32f411xe.o(STACK)

    Global Symbols

    Symbol Name                              Value     Ov Type        Size  Object(Section)

    BuildAttributes$$THM_ISAv4$E$P$D$K$B$S$7EM$VFPi3$EXTD16$VFPS$VFMA$PE$A:L22UL41UL21$X:L11$S22US41US21$IEEE1$IW$USESV6$~STKCKD$USESV7$~SHL$OTIME$ROPI$EBA8$MICROLIB$REQ8$PRES8$EABIv2 0x00000000   Number         0  anon$$obj.o ABSOLUTE
    __ARM_use_no_argv                        0x00000000   Number         0  main.o ABSOLUTE
    _printf_a                                0x00000000   Number         0  stubs.o ABSOLUTE
    _printf_c                                0x00000000   Number         0  stubs.o ABSOLUTE
    _printf_charcount                        0x00000000   Number         0  stubs.o ABSOLUTE
    _printf_d                                0x00000000   Number         0  stubs.o ABSOLUTE
    _printf_e                                0x00000000   Number         0  stubs.o ABSOLUTE
    _printf_f                                0x00000000   Number         0  stubs.o ABSOLUTE
    _printf_flags                            0x00000000   Number         0  stubs.o ABSOLUTE
    _printf_fp_dec                           0x00000000   Number         0  stubs.o ABSOLUTE
    _printf_fp_hex                           0x00000000   Number         0  stubs.o ABSOLUTE
    _printf_g                                0x00000000   Number         0  stubs.o ABSOLUTE
    _printf_i                                0x00000000   Number         0  stubs.o ABSOLUTE
    _printf_int_dec                          0x00000000   Number         0  stubs.o ABSOLUTE
    _printf_l                                0x00000000   Number         0  stubs.o ABSOLUTE
    _printf_lc                               0x00000000   Number         0  stubs.o ABSOLUTE
    _printf_ll                               0x00000000   Number         0  stubs.o ABSOLUTE
    _printf_lld                              0x00000000   Number         0  stubs.o ABSOLUTE
    _printf_lli                              0x00000000   Number         0  stubs.o ABSOLUTE
    _printf_llo                              0x00000000   Number         0  stubs.o ABSOLUTE
    _printf_llu                              0x00000000   Number         0  stubs.o ABSOLUTE
    _printf_llx                              0x00000000   Number         0  stubs.o ABSOLUTE
    _printf_longlong_dec                     0x00000000   Number         0  stubs.o ABSOLUTE
    _printf_longlong_hex                     0x00000000   Number         0  stubs.o ABSOLUTE
    _printf_longlong_oct                     0x00000000   Number         0  stubs.o ABSOLUTE
    _printf_ls                               0x00000000   Number         0  stubs.o ABSOLUTE
    _printf_mbtowc                           0x00000000   Number         0  stubs.o ABSOLUTE
    _printf_n                                0x00000000   Number         0  stubs.o ABSOLUTE
    _printf_o                                0x00000000   Number         0  stubs.o ABSOLUTE
    _printf_p                                0x00000000   Number         0  stubs.o ABSOLUTE
    _printf_percent                          0x00000000   Number         0  stubs.o ABSOLUTE
    _printf_pre_padding                      0x00000000   Number         0  stubs.o ABSOLUTE
    _printf_return_value                     0x00000000   Number         0  stubs.o ABSOLUTE
    _printf_s                                0x00000000   Number         0  stubs.o ABSOLUTE
    _printf_sizespec                         0x00000000   Number         0  stubs.o ABSOLUTE
    _printf_str                              0x00000000   Number         0  stubs.o ABSOLUTE
    _printf_truncate_signed                  0x00000000   Number         0  stubs.o ABSOLUTE
    _printf_truncate_unsigned                0x00000000   Number         0  stubs.o ABSOLUTE
    _printf_u                                0x00000000   Number         0  stubs.o ABSOLUTE
    _printf_wc                               0x00000000   Number         0  stubs.o ABSOLUTE
    _printf_wctomb                           0x00000000   Number         0  stubs.o ABSOLUTE
    _printf_widthprec                        0x00000000   Number         0  stubs.o ABSOLUTE
    _printf_x                                0x00000000   Number         0  stubs.o ABSOLUTE
    __cpp_initialize__aeabi_                  - Undefined Weak Reference
    __cxa_finalize                            - Undefined Weak Reference
    __decompress                              - Undefined Weak Reference
    _clock_init                               - Undefined Weak Reference
    _microlib_exit                            - Undefined Weak Reference
    __Vectors_Size                           0x00000198   Number         0  startup_stm32f411xe.o ABSOLUTE
    __Vectors                                0x08000000   Data           4  startup_stm32f411xe.o(RESET)
    __Vectors_End                            0x08000198   Data           0  startup_stm32f411xe.o(RESET)
    __main                                   0x08000199   Thumb Code     0  entry.o(.ARM.Collect$$$$00000000)
    _main_stk                                0x08000199   Thumb Code     0  entry2.o(.ARM.Collect$$$$00000001)
    _main_scatterload                        0x0800019d   Thumb Code     0  entry5.o(.ARM.Collect$$$$00000004)
    __main_after_scatterload                 0x080001a1   Thumb Code     0  entry5.o(.ARM.Collect$$$$00000004)
    _main_clock                              0x080001a1   Thumb Code     0  entry7b.o(.ARM.Collect$$$$00000008)
    _main_cpp_init                           0x080001a1   Thumb Code     0  entry8b.o(.ARM.Collect$$$$0000000A)
    _main_init                               0x080001a1   Thumb Code     0  entry9a.o(.ARM.Collect$$$$0000000B)
    __rt_final_cpp                           0x080001a9   Thumb Code     0  entry10a.o(.ARM.Collect$$$$0000000D)
    __rt_final_exit                          0x080001a9   Thumb Code     0  entry11a.o(.ARM.Collect$$$$0000000F)
    Reset_Handler                            0x080001ad   Thumb Code     8  startup_stm32f411xe.o(.text)
    ADC_IRQHandler                           0x080001c7   Thumb Code     0  startup_stm32f411xe.o(.text)
    DMA1_Stream0_IRQHandler                  0x080001c7   Thumb Code     0  startup_stm32f411xe.o(.text)
    DMA1_Stream1_IRQHandler                  0x080001c7   Thumb Code     0  startup_stm32f411xe.o(.text)
    DMA1_Stream2_IRQHandler                  0x080001c7   Thumb Code     0  startup_stm32f411xe.o(.text)
    DMA1_Stream3_IRQHandler                  0x080001c7   Thumb Code     0  startup_stm32f411xe.o(.text)
    DMA1_Stream4_IRQHandler                  0x080001c7   Thumb Code     0  startup_stm32f411xe.o(.text)
    DMA1_Stream5_IRQHandler                  0x080001c7   Thumb Code     0  startup_stm32f411xe.o(.text)
    DMA1_Stream6_IRQHandler                  0x080001c7   Thumb Code     0  startup_stm32f411xe.o(.text)
    DMA1_Stream7_IRQHandler                  0x080001c7   Thumb Code     0  startup_stm32f411xe.o(.text)
    DMA2_Stream0_IRQHandler                  0x080001c7   Thumb Code     0  startup_stm32f411xe.o(.text)
    DMA2_Stream1_IRQHandler                  0x080001c7   Thumb Code     0  startup_stm32f411xe.o(.text)
    DMA2_Stream2_IRQHandler                  0x080001c7   Thumb Code     0  startup_stm32f411xe.o(.text)
    DMA2_Stream3_IRQHandler                  0x080001c7   Thumb Code     0  startup_stm32f411xe.o(.text)
    DMA2_Stream4_IRQHandler                  0x080001c7   Thumb Code     0  startup_stm32f411xe.o(.text)
    DMA2_Stream5_IRQHandler                  0x080001c7   Thumb Code     0  startup_stm32f411xe.o(.text)
    DMA2_Stream6_IRQHandler                  0x080001c7   Thumb Code     0  startup_stm32f411xe.o(.text)
    DMA2_Stream7_IRQHandler                  0x080001c7   Thumb Code     0  startup_stm32f411xe.o(.text)
    EXTI0_IRQHandler                         0x080001c7   Thumb Code     0  startup_stm32f411xe.o(.text)
    EXTI15_10_IRQHandler                     0x080001c7   Thumb Code     0  startup_stm32f411xe.o(.text)
    EXTI1_IRQHandler                         0x080001c7   Thumb Code     0  startup_stm32f411xe.o(.text)
    EXTI2_IRQHandler                         0x080001c7   Thumb Code     0  startup_stm32f411xe.o(.text)
    EXTI3_IRQHandler                         0x080001c7   Thumb Code     0  startup_stm32f411xe.o(.text)
    EXTI4_IRQHandler                         0x080001c7   Thumb Code     0  startup_stm32f411xe.o(.text)
    EXTI9_5_IRQHandler                       0x080001c7   Thumb Code     0  startup_stm32f411xe.o(.text)
    FLASH_IRQHandler                         0x080001c7   Thumb Code     0  startup_stm32f411xe.o(.text)
    FPU_IRQHandler                           0x080001c7   Thumb Code     0  startup_stm32f411xe.o(.text)
    I2C1_ER_IRQHandler                       0x080001c7   Thumb Code     0  startup_stm32f411xe.o(.text)
    I2C1_EV_IRQHandler                       0x080001c7   Thumb Code     0  startup_stm32f411xe.o(.text)
    I2C2_ER_IRQHandler                       0x080001c7   Thumb Code     0  startup_stm32f411xe.o(.text)
    I2C2_EV_IRQHandler                       0x080001c7   Thumb Code     0  startup_stm32f411xe.o(.text)
    I2C3_ER_IRQHandler                       0x080001c7   Thumb Code     0  startup_stm32f411xe.o(.text)
    I2C3_EV_IRQHandler                       0x080001c7   Thumb Code     0  startup_stm32f411xe.o(.text)
    OTG_FS_IRQHandler                        0x080001c7   Thumb Code     0  startup_stm32f411xe.o(.text)
    OTG_FS_WKUP_IRQHandler                   0x080001c7   Thumb Code     0  startup_stm32f411xe.o(.text)
    PVD_IRQHandler                           0x080001c7   Thumb Code     0  startup_stm32f411xe.o(.text)
    RCC_IRQHandler                           0x080001c7   Thumb Code     0  startup_stm32f411xe.o(.text)
    RTC_Alarm_IRQHandler                     0x080001c7   Thumb Code     0  startup_stm32f411xe.o(.text)
    RTC_WKUP_IRQHandler                      0x080001c7   Thumb Code     0  startup_stm32f411xe.o(.text)
    SDIO_IRQHandler                          0x080001c7   Thumb Code     0  startup_stm32f411xe.o(.text)
    SPI1_IRQHandler                          0x080001c7   Thumb Code     0  startup_stm32f411xe.o(.text)
    SPI2_IRQHandler                          0x080001c7   Thumb Code     0  startup_stm32f411xe.o(.text)
    SPI3_IRQHandler                          0x080001c7   Thumb Code     0  startup_stm32f411xe.o(.text)
    SPI4_IRQHandler                          0x080001c7   Thumb Code     0  startup_stm32f411xe.o(.text)
    SPI5_IRQHandler                          0x080001c7   Thumb Code     0  startup_stm32f411xe.o(.text)
    TAMP_STAMP_IRQHandler                    0x080001c7   Thumb Code     0  startup_stm32f411xe.o(.text)
    TIM1_BRK_TIM9_IRQHandler                 0x080001c7   Thumb Code     0  startup_stm32f411xe.o(.text)
    TIM1_CC_IRQHandler                       0x080001c7   Thumb Code     0  startup_stm32f411xe.o(.text)
    TIM1_TRG_COM_TIM11_IRQHandler            0x080001c7   Thumb Code     0  startup_stm32f411xe.o(.text)
    TIM1_UP_TIM10_IRQHandler                 0x080001c7   Thumb Code     0  startup_stm32f411xe.o(.text)
    TIM2_IRQHandler                          0x080001c7   Thumb Code     0  startup_stm32f411xe.o(.text)
    TIM3_IRQHandler                          0x080001c7   Thumb Code     0  startup_stm32f411xe.o(.text)
    TIM4_IRQHandler                          0x080001c7   Thumb Code     0  startup_stm32f411xe.o(.text)
    TIM5_IRQHandler                          0x080001c7   Thumb Code     0  startup_stm32f411xe.o(.text)
    USART2_IRQHandler                        0x080001c7   Thumb Code     0  startup_stm32f411xe.o(.text)
    USART6_IRQHandler                        0x080001c7   Thumb Code     0  startup_stm32f411xe.o(.text)
    WWDG_IRQHandler                          0x080001c7   Thumb Code     0  startup_stm32f411xe.o(.text)
    __aeabi_uldivmod                         0x080001d1   Thumb Code    98  uldiv.o(.text)
    __aeabi_memset                           0x08000233   Thumb Code    14  memseta.o(.text)
    __aeabi_memset4                          0x08000233   Thumb Code     0  memseta.o(.text)
    __aeabi_memset8                          0x08000233   Thumb Code     0  memseta.o(.text)
    __aeabi_memclr                           0x08000241   Thumb Code     4  memseta.o(.text)
    __aeabi_memclr4                          0x08000241   Thumb Code     0  memseta.o(.text)
    __aeabi_memclr8                          0x08000241   Thumb Code     0  memseta.o(.text)
    _memset$wrapper                          0x08000245   Thumb Code    18  memseta.o(.text)
    __aeabi_dmul                             0x08000257   Thumb Code   228  dmul.o(.text)
    __aeabi_ddiv                             0x0800033b   Thumb Code   222  ddiv.o(.text)
    __aeabi_ui2d                             0x08000419   Thumb Code    26  dfltui.o(.text)
    __aeabi_d2f                              0x08000433   Thumb Code    56  d2f.o(.text)
    __aeabi_uidiv                            0x0800046b   Thumb Code     0  uidiv.o(.text)
    __aeabi_uidivmod                         0x0800046b   Thumb Code    44  uidiv.o(.text)
    __aeabi_llsl                             0x08000497   Thumb Code    30  llshl.o(.text)
    _ll_shift_l                              0x08000497   Thumb Code     0  llshl.o(.text)
    __aeabi_llsr                             0x080004b5   Thumb Code    32  llushr.o(.text)
    _ll_ushift_r                             0x080004b5   Thumb Code     0  llushr.o(.text)
    __I$use$fp                               0x080004d5   Thumb Code     0  iusefp.o(.text)
    _float_round                             0x080004d5   Thumb Code    18  fepilogue.o(.text)
    _float_epilogue                          0x080004e7   Thumb Code    92  fepilogue.o(.text)
    _double_round                            0x08000543   Thumb Code    30  depilogue.o(.text)
    _double_epilogue                         0x08000561   Thumb Code   156  depilogue.o(.text)
    __scatterload                            0x080005fd   Thumb Code    28  init.o(.text)
    __scatterload_rt2                        0x080005fd   Thumb Code     0  init.o(.text)
    BusFault_Handler                         0x08000621   Thumb Code     4  stm32f4xx_it.o(i.BusFault_Handler)
    DebugMon_Handler                         0x08000625   Thumb Code     2  stm32f4xx_it.o(i.DebugMon_Handler)
    Dianjisudu                               0x08000627   Thumb Code    20  dianji.o(i.Dianjisudu)
    Error_Handler                            0x0800063b   Thumb Code     6  main.o(i.Error_Handler)
    Get_Z_RotationAngle                      0x08000641   Thumb Code   292  tuoluoyi.o(i.Get_Z_RotationAngle)
    HAL_DMA_Abort                            0x08000799   Thumb Code   172  stm32f4xx_hal_dma.o(i.HAL_DMA_Abort)
    HAL_DMA_Abort_IT                         0x08000845   Thumb Code    40  stm32f4xx_hal_dma.o(i.HAL_DMA_Abort_IT)
    HAL_Delay                                0x0800086d   Thumb Code    36  stm32f4xx_hal.o(i.HAL_Delay)
    HAL_GPIO_Init                            0x08000895   Thumb Code   424  stm32f4xx_hal_gpio.o(i.HAL_GPIO_Init)
    HAL_GPIO_ReadPin                         0x08000a5d   Thumb Code    16  stm32f4xx_hal_gpio.o(i.HAL_GPIO_ReadPin)
    HAL_GPIO_WritePin                        0x08000a6d   Thumb Code    12  stm32f4xx_hal_gpio.o(i.HAL_GPIO_WritePin)
    HAL_GetTick                              0x08000a79   Thumb Code     6  stm32f4xx_hal.o(i.HAL_GetTick)
    HAL_I2C_Init                             0x08000a85   Thumb Code   446  stm32f4xx_hal_i2c.o(i.HAL_I2C_Init)
    HAL_I2C_Mem_Read                         0x08000c55   Thumb Code   762  stm32f4xx_hal_i2c.o(i.HAL_I2C_Mem_Read)
    HAL_I2C_Mem_Write                        0x08000f5d   Thumb Code   348  stm32f4xx_hal_i2c.o(i.HAL_I2C_Mem_Write)
    HAL_I2C_MspInit                          0x080010c1   Thumb Code   122  stm32f4xx_hal_msp.o(i.HAL_I2C_MspInit)
    HAL_IncTick                              0x08001149   Thumb Code    16  stm32f4xx_hal.o(i.HAL_IncTick)
    HAL_Init                                 0x08001161   Thumb Code    54  stm32f4xx_hal.o(i.HAL_Init)
    HAL_InitTick                             0x0800119d   Thumb Code    64  stm32f4xx_hal.o(i.HAL_InitTick)
    HAL_MspInit                              0x080011e9   Thumb Code    68  stm32f4xx_hal_msp.o(i.HAL_MspInit)
    HAL_NVIC_EnableIRQ                       0x08001231   Thumb Code    40  stm32f4xx_hal_cortex.o(i.HAL_NVIC_EnableIRQ)
    HAL_NVIC_SetPriority                     0x08001259   Thumb Code   124  stm32f4xx_hal_cortex.o(i.HAL_NVIC_SetPriority)
    HAL_NVIC_SetPriorityGrouping             0x080012d5   Thumb Code    32  stm32f4xx_hal_cortex.o(i.HAL_NVIC_SetPriorityGrouping)
    HAL_RCC_ClockConfig                      0x080012fd   Thumb Code   368  stm32f4xx_hal_rcc.o(i.HAL_RCC_ClockConfig)
    HAL_RCC_GetHCLKFreq                      0x08001481   Thumb Code     6  stm32f4xx_hal_rcc.o(i.HAL_RCC_GetHCLKFreq)
    HAL_RCC_GetPCLK1Freq                     0x0800148d   Thumb Code    22  stm32f4xx_hal_rcc.o(i.HAL_RCC_GetPCLK1Freq)
    HAL_RCC_GetPCLK2Freq                     0x080014ad   Thumb Code    22  stm32f4xx_hal_rcc.o(i.HAL_RCC_GetPCLK2Freq)
    HAL_RCC_GetSysClockFreq                  0x080014cd   Thumb Code   162  stm32f4xx_hal_rcc.o(i.HAL_RCC_GetSysClockFreq)
    HAL_RCC_OscConfig                        0x0800157d   Thumb Code  1172  stm32f4xx_hal_rcc.o(i.HAL_RCC_OscConfig)
    HAL_SYSTICK_Config                       0x08001a19   Thumb Code    52  stm32f4xx_hal_cortex.o(i.HAL_SYSTICK_Config)
    HAL_TIMEx_MasterConfigSynchronization    0x08001a4d   Thumb Code   134  stm32f4xx_hal_tim_ex.o(i.HAL_TIMEx_MasterConfigSynchronization)
    HAL_TIM_Base_Init                        0x08001ae9   Thumb Code   102  stm32f4xx_hal_tim.o(i.HAL_TIM_Base_Init)
    HAL_TIM_Base_MspInit                     0x08001b51   Thumb Code    88  stm32f4xx_hal_msp.o(i.HAL_TIM_Base_MspInit)
    HAL_TIM_Base_Start                       0x08001bb5   Thumb Code   110  stm32f4xx_hal_tim.o(i.HAL_TIM_Base_Start)
    HAL_TIM_ConfigClockSource                0x08001c39   Thumb Code   268  stm32f4xx_hal_tim.o(i.HAL_TIM_ConfigClockSource)
    HAL_TIM_MspPostInit                      0x08001d45   Thumb Code   140  stm32f4xx_hal_msp.o(i.HAL_TIM_MspPostInit)
    HAL_TIM_PWM_ConfigChannel                0x08001de1   Thumb Code   260  stm32f4xx_hal_tim.o(i.HAL_TIM_PWM_ConfigChannel)
    HAL_TIM_PWM_Init                         0x08001ee5   Thumb Code   102  stm32f4xx_hal_tim.o(i.HAL_TIM_PWM_Init)
    HAL_TIM_PWM_MspInit                      0x08001f4b   Thumb Code     2  stm32f4xx_hal_tim.o(i.HAL_TIM_PWM_MspInit)
    HAL_TIM_PWM_Start                        0x08001f4d   Thumb Code   214  stm32f4xx_hal_tim.o(i.HAL_TIM_PWM_Start)
    HAL_UARTEx_RxEventCallback               0x08002039   Thumb Code     2  stm32f4xx_hal_uart.o(i.HAL_UARTEx_RxEventCallback)
    HAL_UART_ErrorCallback                   0x0800203b   Thumb Code     2  stm32f4xx_hal_uart.o(i.HAL_UART_ErrorCallback)
    HAL_UART_IRQHandler                      0x0800203d   Thumb Code   772  stm32f4xx_hal_uart.o(i.HAL_UART_IRQHandler)
    HAL_UART_Init                            0x08002345   Thumb Code   118  stm32f4xx_hal_uart.o(i.HAL_UART_Init)
    HAL_UART_MspInit                         0x080023bd   Thumb Code   140  stm32f4xx_hal_msp.o(i.HAL_UART_MspInit)
    HAL_UART_RxCpltCallback                  0x08002455   Thumb Code     2  stm32f4xx_hal_uart.o(i.HAL_UART_RxCpltCallback)
    HAL_UART_Transmit                        0x08002457   Thumb Code   190  stm32f4xx_hal_uart.o(i.HAL_UART_Transmit)
    HAL_UART_TxCpltCallback                  0x08002515   Thumb Code     2  stm32f4xx_hal_uart.o(i.HAL_UART_TxCpltCallback)
    HardFault_Handler                        0x08002517   Thumb Code     4  stm32f4xx_it.o(i.HardFault_Handler)
    LeftDianji                               0x08002aa9   Thumb Code    74  dianji.o(i.LeftDianji)
    MPU6050_ReadFiltered                     0x08002bbd   Thumb Code   284  tuoluoyi.o(i.MPU6050_ReadFiltered)
    MemManage_Handler                        0x08002f61   Thumb Code     4  stm32f4xx_it.o(i.MemManage_Handler)
    NMI_Handler                              0x08002f65   Thumb Code     4  stm32f4xx_it.o(i.NMI_Handler)
    PendSV_Handler                           0x08002f69   Thumb Code     2  stm32f4xx_it.o(i.PendSV_Handler)
    RightDianji                              0x08002f6d   Thumb Code    74  dianji.o(i.RightDianji)
    SVC_Handler                              0x08002fbd   Thumb Code     2  stm32f4xx_it.o(i.SVC_Handler)
    SysTick_Handler                          0x08002fbf   Thumb Code     8  stm32f4xx_it.o(i.SysTick_Handler)
    SystemClock_Config                       0x08002fc9   Thumb Code   168  main.o(i.SystemClock_Config)
    SystemInit                               0x08003079   Thumb Code    14  system_stm32f4xx.o(i.SystemInit)
    TIM11_Delay_us                           0x0800308d   Thumb Code    22  ceju.o(i.TIM11_Delay_us)
    TIM_Base_SetConfig                       0x080030a9   Thumb Code   142  stm32f4xx_hal_tim.o(i.TIM_Base_SetConfig)
    TIM_CCxChannelCmd                        0x08003155   Thumb Code    34  stm32f4xx_hal_tim.o(i.TIM_CCxChannelCmd)
    TIM_ETR_SetConfig                        0x08003177   Thumb Code    22  stm32f4xx_hal_tim.o(i.TIM_ETR_SetConfig)
    TIM_OC2_SetConfig                        0x08003201   Thumb Code   100  stm32f4xx_hal_tim.o(i.TIM_OC2_SetConfig)
    Tuoluoyi_Calibrate                       0x08003369   Thumb Code   126  tuoluoyi.o(i.Tuoluoyi_Calibrate)
    USART1_IRQHandler                        0x080038b5   Thumb Code    10  stm32f4xx_it.o(i.USART1_IRQHandler)
    UsageFault_Handler                       0x080038c5   Thumb Code     4  stm32f4xx_it.o(i.UsageFault_Handler)
    Xuanzhuan                                0x080038c9   Thumb Code   246  tuoluoyi.o(i.Xuanzhuan)
    Zhizou                                   0x080039e1   Thumb Code   186  tuoluoyi.o(i.Zhizou)
    __0printf$6                              0x08003aad   Thumb Code    22  printf6.o(i.__0printf$6)
    __1printf$6                              0x08003aad   Thumb Code     0  printf6.o(i.__0printf$6)
    __2printf                                0x08003aad   Thumb Code     0  printf6.o(i.__0printf$6)
    __scatterload_copy                       0x08003b05   Thumb Code    14  handlers.o(i.__scatterload_copy)
    __scatterload_null                       0x08003b13   Thumb Code     2  handlers.o(i.__scatterload_null)
    __scatterload_zeroinit                   0x08003b15   Thumb Code    14  handlers.o(i.__scatterload_zeroinit)
    chaoshenboceju                           0x08003e69   Thumb Code   180  ceju.o(i.chaoshenboceju)
    cmd_1                                    0x08003f39   Thumb Code    12  han_shu.o(i.cmd_1)
    cmd_10                                   0x08003f49   Thumb Code    22  han_shu.o(i.cmd_10)
    cmd_11                                   0x08003f65   Thumb Code    14  han_shu.o(i.cmd_11)
    cmd_2                                    0x08003f79   Thumb Code    12  han_shu.o(i.cmd_2)
    cmd_3                                    0x08003f89   Thumb Code    16  han_shu.o(i.cmd_3)
    cmd_4                                    0x08003f9d   Thumb Code    16  han_shu.o(i.cmd_4)
    cmd_5                                    0x08003fb1   Thumb Code    16  han_shu.o(i.cmd_5)
    cmd_6                                    0x08003fc5   Thumb Code    16  han_shu.o(i.cmd_6)
    cmd_7                                    0x08003fd9   Thumb Code    22  han_shu.o(i.cmd_7)
    cmd_8                                    0x08003ff5   Thumb Code    22  han_shu.o(i.cmd_8)
    cmd_9                                    0x08004011   Thumb Code    22  han_shu.o(i.cmd_9)
    fputc                                    0x0800402d   Thumb Code    22  main.o(i.fputc)
    huiduzhi                                 0x08004049   Thumb Code   348  xunji.o(i.huiduzhi)
    jiansudai                                0x080041a9   Thumb Code    98  han_shu.o(i.jiansudai)
    main                                     0x0800420d   Thumb Code   460  main.o(i.main)
    xiapo                                    0x080044b9   Thumb Code   176  han_shu.o(i.xiapo)
    xunji                                    0x08004575   Thumb Code    50  han_shu.o(i.xunji)
    zonghuiduzhi                             0x080045b1   Thumb Code   100  xunji.o(i.zonghuiduzhi)
    AHBPrescTable                            0x08004620   Data          16  system_stm32f4xx.o(.constdata)
    APBPrescTable                            0x08004630   Data           8  system_stm32f4xx.o(.constdata)
    Region$$Table$$Base                      0x08004638   Number         0  anon$$obj.o(Region$$Table)
    Region$$Table$$Limit                     0x08004658   Number         0  anon$$obj.o(Region$$Table)
    ceju_flag                                0x20000000   Data           1  main.o(.data)
    distance                                 0x20000004   Data           4  main.o(.data)
    tuoluoyi_flag                            0x20000008   Data           1  main.o(.data)
    AX_zhi                                   0x2000000c   Data           4  main.o(.data)
    AY_zhi                                   0x20000010   Data           4  main.o(.data)
    AZ_zhi                                   0x20000014   Data           4  main.o(.data)
    Z_angle                                  0x20000018   Data           4  main.o(.data)
    chuankou_flag                            0x2000001c   Data           1  main.o(.data)
    H                                        0x2000001d   Data           8  main.o(.data)
    uwTick                                   0x20000028   Data           4  stm32f4xx_hal.o(.data)
    uwTickPrio                               0x2000002c   Data           4  stm32f4xx_hal.o(.data)
    uwTickFreq                               0x20000030   Data           1  stm32f4xx_hal.o(.data)
    SystemCoreClock                          0x20000034   Data           4  system_stm32f4xx.o(.data)
    CarState                                 0x20000038   Data           1  han_shu.o(.data)
    yuansudu                                 0x2000003c   Data           4  han_shu.o(.data)
    cmd_table                                0x20000040   Data         144  han_shu.o(.data)
    cmd_table_size                           0x200000d0   Data           2  han_shu.o(.data)
    __stdout                                 0x200000e8   Data           4  stdout.o(.data)
    hi2c1                                    0x200000ec   Data          84  main.o(.bss)
    htim3                                    0x20000140   Data          72  main.o(.bss)
    htim11                                   0x20000188   Data          72  main.o(.bss)
    huart1                                   0x200001d0   Data          72  main.o(.bss)
    __initial_sp                             0x20000618   Data           0  startup_stm32f411xe.o(STACK)



==============================================================================

Memory Map of the image

  Image Entry point : 0x08000199

  Load Region LR_IROM1 (Base: 0x08000000, Size: 0x00004744, Max: 0x00080000, ABSOLUTE)

    Execution Region ER_IROM1 (Exec base: 0x08000000, Load base: 0x08000000, Size: 0x00004658, Max: 0x00080000, ABSOLUTE)

    Exec Addr    Load Addr    Size         Type   Attr      Idx    E Section Name        Object

    0x08000000   0x08000000   0x00000198   Data   RO            3    RESET               startup_stm32f411xe.o
    0x08000198   0x08000198   0x00000000   Code   RO         4970  * .ARM.Collect$$$$00000000  mc_w.l(entry.o)
    0x08000198   0x08000198   0x00000004   Code   RO         5246    .ARM.Collect$$$$00000001  mc_w.l(entry2.o)
    0x0800019c   0x0800019c   0x00000004   Code   RO         5249    .ARM.Collect$$$$00000004  mc_w.l(entry5.o)
    0x080001a0   0x080001a0   0x00000000   Code   RO         5251    .ARM.Collect$$$$00000008  mc_w.l(entry7b.o)
    0x080001a0   0x080001a0   0x00000000   Code   RO         5253    .ARM.Collect$$$$0000000A  mc_w.l(entry8b.o)
    0x080001a0   0x080001a0   0x00000008   Code   RO         5254    .ARM.Collect$$$$0000000B  mc_w.l(entry9a.o)
    0x080001a8   0x080001a8   0x00000000   Code   RO         5256    .ARM.Collect$$$$0000000D  mc_w.l(entry10a.o)
    0x080001a8   0x080001a8   0x00000000   Code   RO         5258    .ARM.Collect$$$$0000000F  mc_w.l(entry11a.o)
    0x080001a8   0x080001a8   0x00000004   Code   RO         5247    .ARM.Collect$$$$00002712  mc_w.l(entry2.o)
    0x080001ac   0x080001ac   0x00000024   Code   RO            4    .text               startup_stm32f411xe.o
    0x080001d0   0x080001d0   0x00000062   Code   RO         4973    .text               mc_w.l(uldiv.o)
    0x08000232   0x08000232   0x00000024   Code   RO         4975    .text               mc_w.l(memseta.o)
    0x08000256   0x08000256   0x000000e4   Code   RO         5238    .text               mf_w.l(dmul.o)
    0x0800033a   0x0800033a   0x000000de   Code   RO         5240    .text               mf_w.l(ddiv.o)
    0x08000418   0x08000418   0x0000001a   Code   RO         5242    .text               mf_w.l(dfltui.o)
    0x08000432   0x08000432   0x00000038   Code   RO         5244    .text               mf_w.l(d2f.o)
    0x0800046a   0x0800046a   0x0000002c   Code   RO         5261    .text               mc_w.l(uidiv.o)
    0x08000496   0x08000496   0x0000001e   Code   RO         5263    .text               mc_w.l(llshl.o)
    0x080004b4   0x080004b4   0x00000020   Code   RO         5265    .text               mc_w.l(llushr.o)
    0x080004d4   0x080004d4   0x00000000   Code   RO         5267    .text               mc_w.l(iusefp.o)
    0x080004d4   0x080004d4   0x0000006e   Code   RO         5268    .text               mf_w.l(fepilogue.o)
    0x08000542   0x08000542   0x000000ba   Code   RO         5270    .text               mf_w.l(depilogue.o)
    0x080005fc   0x080005fc   0x00000024   Code   RO         5278    .text               mc_w.l(init.o)
    0x08000620   0x08000620   0x00000004   Code   RO          210    i.BusFault_Handler  stm32f4xx_it.o
    0x08000624   0x08000624   0x00000002   Code   RO          211    i.DebugMon_Handler  stm32f4xx_it.o
    0x08000626   0x08000626   0x00000014   Code   RO         4717    i.Dianjisudu        dianji.o
    0x0800063a   0x0800063a   0x00000006   Code   RO           13    i.Error_Handler     main.o
    0x08000640   0x08000640   0x00000158   Code   RO         4880    i.Get_Z_RotationAngle  tuoluoyi.o
    0x08000798   0x08000798   0x000000ac   Code   RO         2560    i.HAL_DMA_Abort     stm32f4xx_hal_dma.o
    0x08000844   0x08000844   0x00000028   Code   RO         2561    i.HAL_DMA_Abort_IT  stm32f4xx_hal_dma.o
    0x0800086c   0x0800086c   0x00000028   Code   RO         3026    i.HAL_Delay         stm32f4xx_hal.o
    0x08000894   0x08000894   0x000001c8   Code   RO         2453    i.HAL_GPIO_Init     stm32f4xx_hal_gpio.o
    0x08000a5c   0x08000a5c   0x00000010   Code   RO         2455    i.HAL_GPIO_ReadPin  stm32f4xx_hal_gpio.o
    0x08000a6c   0x08000a6c   0x0000000c   Code   RO         2457    i.HAL_GPIO_WritePin  stm32f4xx_hal_gpio.o
    0x08000a78   0x08000a78   0x0000000c   Code   RO         3032    i.HAL_GetTick       stm32f4xx_hal.o
    0x08000a84   0x08000a84   0x000001d0   Code   RO         1493    i.HAL_I2C_Init      stm32f4xx_hal_i2c.o
    0x08000c54   0x08000c54   0x00000308   Code   RO         1511    i.HAL_I2C_Mem_Read  stm32f4xx_hal_i2c.o
    0x08000f5c   0x08000f5c   0x00000164   Code   RO         1514    i.HAL_I2C_Mem_Write  stm32f4xx_hal_i2c.o
    0x080010c0   0x080010c0   0x00000088   Code   RO          293    i.HAL_I2C_MspInit   stm32f4xx_hal_msp.o
    0x08001148   0x08001148   0x00000018   Code   RO         3038    i.HAL_IncTick       stm32f4xx_hal.o
    0x08001160   0x08001160   0x0000003c   Code   RO         3039    i.HAL_Init          stm32f4xx_hal.o
    0x0800119c   0x0800119c   0x0000004c   Code   RO         3040    i.HAL_InitTick      stm32f4xx_hal.o
    0x080011e8   0x080011e8   0x00000048   Code   RO          294    i.HAL_MspInit       stm32f4xx_hal_msp.o
    0x08001230   0x08001230   0x00000028   Code   RO         2869    i.HAL_NVIC_EnableIRQ  stm32f4xx_hal_cortex.o
    0x08001258   0x08001258   0x0000007c   Code   RO         2875    i.HAL_NVIC_SetPriority  stm32f4xx_hal_cortex.o
    0x080012d4   0x080012d4   0x00000028   Code   RO         2876    i.HAL_NVIC_SetPriorityGrouping  stm32f4xx_hal_cortex.o
    0x080012fc   0x080012fc   0x00000184   Code   RO         1990    i.HAL_RCC_ClockConfig  stm32f4xx_hal_rcc.o
    0x08001480   0x08001480   0x0000000c   Code   RO         1995    i.HAL_RCC_GetHCLKFreq  stm32f4xx_hal_rcc.o
    0x0800148c   0x0800148c   0x00000020   Code   RO         1997    i.HAL_RCC_GetPCLK1Freq  stm32f4xx_hal_rcc.o
    0x080014ac   0x080014ac   0x00000020   Code   RO         1998    i.HAL_RCC_GetPCLK2Freq  stm32f4xx_hal_rcc.o
    0x080014cc   0x080014cc   0x000000b0   Code   RO         1999    i.HAL_RCC_GetSysClockFreq  stm32f4xx_hal_rcc.o
    0x0800157c   0x0800157c   0x0000049c   Code   RO         2002    i.HAL_RCC_OscConfig  stm32f4xx_hal_rcc.o
    0x08001a18   0x08001a18   0x00000034   Code   RO         2880    i.HAL_SYSTICK_Config  stm32f4xx_hal_cortex.o
    0x08001a4c   0x08001a4c   0x0000009c   Code   RO         4013    i.HAL_TIMEx_MasterConfigSynchronization  stm32f4xx_hal_tim_ex.o
    0x08001ae8   0x08001ae8   0x00000066   Code   RO         3279    i.HAL_TIM_Base_Init  stm32f4xx_hal_tim.o
    0x08001b4e   0x08001b4e   0x00000002   PAD
    0x08001b50   0x08001b50   0x00000064   Code   RO          296    i.HAL_TIM_Base_MspInit  stm32f4xx_hal_msp.o
    0x08001bb4   0x08001bb4   0x00000084   Code   RO         3282    i.HAL_TIM_Base_Start  stm32f4xx_hal_tim.o
    0x08001c38   0x08001c38   0x0000010c   Code   RO         3288    i.HAL_TIM_ConfigClockSource  stm32f4xx_hal_tim.o
    0x08001d44   0x08001d44   0x0000009c   Code   RO          297    i.HAL_TIM_MspPostInit  stm32f4xx_hal_msp.o
    0x08001de0   0x08001de0   0x00000104   Code   RO         3351    i.HAL_TIM_PWM_ConfigChannel  stm32f4xx_hal_tim.o
    0x08001ee4   0x08001ee4   0x00000066   Code   RO         3354    i.HAL_TIM_PWM_Init  stm32f4xx_hal_tim.o
    0x08001f4a   0x08001f4a   0x00000002   Code   RO         3356    i.HAL_TIM_PWM_MspInit  stm32f4xx_hal_tim.o
    0x08001f4c   0x08001f4c   0x000000ec   Code   RO         3359    i.HAL_TIM_PWM_Start  stm32f4xx_hal_tim.o
    0x08002038   0x08002038   0x00000002   Code   RO         4273    i.HAL_UARTEx_RxEventCallback  stm32f4xx_hal_uart.o
    0x0800203a   0x0800203a   0x00000002   Code   RO         4287    i.HAL_UART_ErrorCallback  stm32f4xx_hal_uart.o
    0x0800203c   0x0800203c   0x00000308   Code   RO         4290    i.HAL_UART_IRQHandler  stm32f4xx_hal_uart.o
    0x08002344   0x08002344   0x00000076   Code   RO         4291    i.HAL_UART_Init     stm32f4xx_hal_uart.o
    0x080023ba   0x080023ba   0x00000002   PAD
    0x080023bc   0x080023bc   0x00000098   Code   RO          299    i.HAL_UART_MspInit  stm32f4xx_hal_msp.o
    0x08002454   0x08002454   0x00000002   Code   RO         4297    i.HAL_UART_RxCpltCallback  stm32f4xx_hal_uart.o
    0x08002456   0x08002456   0x000000be   Code   RO         4299    i.HAL_UART_Transmit  stm32f4xx_hal_uart.o
    0x08002514   0x08002514   0x00000002   Code   RO         4302    i.HAL_UART_TxCpltCallback  stm32f4xx_hal_uart.o
    0x08002516   0x08002516   0x00000004   Code   RO          212    i.HardFault_Handler  stm32f4xx_it.o
    0x0800251a   0x0800251a   0x0000003e   Code   RO         1537    i.I2C_IsAcknowledgeFailed  stm32f4xx_hal_i2c.o
    0x08002558   0x08002558   0x00000160   Code   RO         1548    i.I2C_RequestMemoryRead  stm32f4xx_hal_i2c.o
    0x080026b8   0x080026b8   0x000000e0   Code   RO         1549    i.I2C_RequestMemoryWrite  stm32f4xx_hal_i2c.o
    0x08002798   0x08002798   0x00000066   Code   RO         1557    i.I2C_WaitOnBTFFlagUntilTimeout  stm32f4xx_hal_i2c.o
    0x080027fe   0x080027fe   0x000000be   Code   RO         1558    i.I2C_WaitOnFlagUntilTimeout  stm32f4xx_hal_i2c.o
    0x080028bc   0x080028bc   0x000000fa   Code   RO         1559    i.I2C_WaitOnMasterAddressFlagUntilTimeout  stm32f4xx_hal_i2c.o
    0x080029b6   0x080029b6   0x0000008a   Code   RO         1560    i.I2C_WaitOnRXNEFlagUntilTimeout  stm32f4xx_hal_i2c.o
    0x08002a40   0x08002a40   0x00000066   Code   RO         1563    i.I2C_WaitOnTXEFlagUntilTimeout  stm32f4xx_hal_i2c.o
    0x08002aa6   0x08002aa6   0x00000002   PAD
    0x08002aa8   0x08002aa8   0x00000050   Code   RO         4718    i.LeftDianji        dianji.o
    0x08002af8   0x08002af8   0x000000c4   Code   RO         4881    i.MPU6050_Init_Fast  tuoluoyi.o
    0x08002bbc   0x08002bbc   0x00000128   Code   RO         4882    i.MPU6050_ReadFiltered  tuoluoyi.o
    0x08002ce4   0x08002ce4   0x00000100   Code   RO           15    i.MX_GPIO_Init      main.o
    0x08002de4   0x08002de4   0x0000003c   Code   RO           16    i.MX_I2C1_Init      main.o
    0x08002e20   0x08002e20   0x00000034   Code   RO           17    i.MX_TIM11_Init     main.o
    0x08002e54   0x08002e54   0x000000d4   Code   RO           18    i.MX_TIM3_Init      main.o
    0x08002f28   0x08002f28   0x00000038   Code   RO           19    i.MX_USART1_UART_Init  main.o
    0x08002f60   0x08002f60   0x00000004   Code   RO          213    i.MemManage_Handler  stm32f4xx_it.o
    0x08002f64   0x08002f64   0x00000004   Code   RO          214    i.NMI_Handler       stm32f4xx_it.o
    0x08002f68   0x08002f68   0x00000002   Code   RO          215    i.PendSV_Handler    stm32f4xx_it.o
    0x08002f6a   0x08002f6a   0x00000002   PAD
    0x08002f6c   0x08002f6c   0x00000050   Code   RO         4719    i.RightDianji       dianji.o
    0x08002fbc   0x08002fbc   0x00000002   Code   RO          216    i.SVC_Handler       stm32f4xx_it.o
    0x08002fbe   0x08002fbe   0x00000008   Code   RO          217    i.SysTick_Handler   stm32f4xx_it.o
    0x08002fc6   0x08002fc6   0x00000002   PAD
    0x08002fc8   0x08002fc8   0x000000b0   Code   RO           20    i.SystemClock_Config  main.o
    0x08003078   0x08003078   0x00000014   Code   RO         4635    i.SystemInit        system_stm32f4xx.o
    0x0800308c   0x0800308c   0x0000001c   Code   RO         4671    i.TIM11_Delay_us    ceju.o
    0x080030a8   0x080030a8   0x000000ac   Code   RO         3372    i.TIM_Base_SetConfig  stm32f4xx_hal_tim.o
    0x08003154   0x08003154   0x00000022   Code   RO         3373    i.TIM_CCxChannelCmd  stm32f4xx_hal_tim.o
    0x08003176   0x08003176   0x00000016   Code   RO         3383    i.TIM_ETR_SetConfig  stm32f4xx_hal_tim.o
    0x0800318c   0x0800318c   0x00000012   Code   RO         3384    i.TIM_ITRx_SetConfig  stm32f4xx_hal_tim.o
    0x0800319e   0x0800319e   0x00000002   PAD
    0x080031a0   0x080031a0   0x00000060   Code   RO         3385    i.TIM_OC1_SetConfig  stm32f4xx_hal_tim.o
    0x08003200   0x08003200   0x00000068   Code   RO         3386    i.TIM_OC2_SetConfig  stm32f4xx_hal_tim.o
    0x08003268   0x08003268   0x00000068   Code   RO         3387    i.TIM_OC3_SetConfig  stm32f4xx_hal_tim.o
    0x080032d0   0x080032d0   0x00000048   Code   RO         3388    i.TIM_OC4_SetConfig  stm32f4xx_hal_tim.o
    0x08003318   0x08003318   0x00000026   Code   RO         3390    i.TIM_TI1_ConfigInputStage  stm32f4xx_hal_tim.o
    0x0800333e   0x0800333e   0x00000028   Code   RO         3392    i.TIM_TI2_ConfigInputStage  stm32f4xx_hal_tim.o
    0x08003366   0x08003366   0x00000002   PAD
    0x08003368   0x08003368   0x00000098   Code   RO         4883    i.Tuoluoyi_Calibrate  tuoluoyi.o
    0x08003400   0x08003400   0x00000012   Code   RO         4304    i.UART_DMAAbortOnError  stm32f4xx_hal_uart.o
    0x08003412   0x08003412   0x0000006c   Code   RO         4314    i.UART_EndRxTransfer  stm32f4xx_hal_uart.o
    0x0800347e   0x0800347e   0x00000020   Code   RO         4315    i.UART_EndTransmit_IT  stm32f4xx_hal_uart.o
    0x0800349e   0x0800349e   0x000000fc   Code   RO         4317    i.UART_Receive_IT   stm32f4xx_hal_uart.o
    0x0800359a   0x0800359a   0x00000002   PAD
    0x0800359c   0x0800359c   0x0000022c   Code   RO         4318    i.UART_SetConfig    stm32f4xx_hal_uart.o
    0x080037c8   0x080037c8   0x00000060   Code   RO         4321    i.UART_Transmit_IT  stm32f4xx_hal_uart.o
    0x08003828   0x08003828   0x0000008c   Code   RO         4322    i.UART_WaitOnFlagUntilTimeout  stm32f4xx_hal_uart.o
    0x080038b4   0x080038b4   0x00000010   Code   RO          218    i.USART1_IRQHandler  stm32f4xx_it.o
    0x080038c4   0x080038c4   0x00000004   Code   RO          219    i.UsageFault_Handler  stm32f4xx_it.o
    0x080038c8   0x080038c8   0x00000118   Code   RO         4884    i.Xuanzhuan         tuoluoyi.o
    0x080039e0   0x080039e0   0x000000cc   Code   RO         4885    i.Zhizou            tuoluoyi.o
    0x08003aac   0x08003aac   0x00000020   Code   RO         5132    i.__0printf$6       mc_w.l(printf6.o)
    0x08003acc   0x08003acc   0x00000010   Code   RO         2882    i.__NVIC_GetPriorityGrouping  stm32f4xx_hal_cortex.o
    0x08003adc   0x08003adc   0x00000028   Code   RO         2883    i.__NVIC_SetPriority  stm32f4xx_hal_cortex.o
    0x08003b04   0x08003b04   0x0000000e   Code   RO         5284    i.__scatterload_copy  mc_w.l(handlers.o)
    0x08003b12   0x08003b12   0x00000002   Code   RO         5285    i.__scatterload_null  mc_w.l(handlers.o)
    0x08003b14   0x08003b14   0x0000000e   Code   RO         5286    i.__scatterload_zeroinit  mc_w.l(handlers.o)
    0x08003b22   0x08003b22   0x00000002   PAD
    0x08003b24   0x08003b24   0x000002f0   Code   RO         5139    i._printf_core      mc_w.l(printf6.o)
    0x08003e14   0x08003e14   0x00000024   Code   RO         5140    i._printf_post_padding  mc_w.l(printf6.o)
    0x08003e38   0x08003e38   0x0000002e   Code   RO         5141    i._printf_pre_padding  mc_w.l(printf6.o)
    0x08003e66   0x08003e66   0x00000002   PAD
    0x08003e68   0x08003e68   0x000000d0   Code   RO         4672    i.chaoshenboceju    ceju.o
    0x08003f38   0x08003f38   0x00000010   Code   RO         4754    i.cmd_1             han_shu.o
    0x08003f48   0x08003f48   0x0000001c   Code   RO         4755    i.cmd_10            han_shu.o
    0x08003f64   0x08003f64   0x00000014   Code   RO         4756    i.cmd_11            han_shu.o
    0x08003f78   0x08003f78   0x00000010   Code   RO         4759    i.cmd_2             han_shu.o
    0x08003f88   0x08003f88   0x00000014   Code   RO         4760    i.cmd_3             han_shu.o
    0x08003f9c   0x08003f9c   0x00000014   Code   RO         4761    i.cmd_4             han_shu.o
    0x08003fb0   0x08003fb0   0x00000014   Code   RO         4762    i.cmd_5             han_shu.o
    0x08003fc4   0x08003fc4   0x00000014   Code   RO         4763    i.cmd_6             han_shu.o
    0x08003fd8   0x08003fd8   0x0000001c   Code   RO         4764    i.cmd_7             han_shu.o
    0x08003ff4   0x08003ff4   0x0000001c   Code   RO         4765    i.cmd_8             han_shu.o
    0x08004010   0x08004010   0x0000001c   Code   RO         4766    i.cmd_9             han_shu.o
    0x0800402c   0x0800402c   0x0000001c   Code   RO           22    i.fputc             main.o
    0x08004048   0x08004048   0x00000160   Code   RO         4943    i.huiduzhi          xunji.o
    0x080041a8   0x080041a8   0x00000062   Code   RO         4767    i.jiansudai         han_shu.o
    0x0800420a   0x0800420a   0x00000002   PAD
    0x0800420c   0x0800420c   0x000002ac   Code   RO           23    i.main              main.o
    0x080044b8   0x080044b8   0x000000bc   Code   RO         4769    i.xiapo             han_shu.o
    0x08004574   0x08004574   0x0000003c   Code   RO         4770    i.xunji             han_shu.o
    0x080045b0   0x080045b0   0x00000070   Code   RO         4944    i.zonghuiduzhi      xunji.o
    0x08004620   0x08004620   0x00000018   Data   RO         4636    .constdata          system_stm32f4xx.o
    0x08004638   0x08004638   0x00000020   Data   RO         5282    Region$$Table       anon$$obj.o


    Execution Region RW_IRAM1 (Exec base: 0x20000000, Load base: 0x08004658, Size: 0x00000618, Max: 0x00020000, ABSOLUTE)

    Exec Addr    Load Addr    Size         Type   Attr      Idx    E Section Name        Object

    0x20000000   0x08004658   0x00000025   Data   RW           25    .data               main.o
    0x20000025   0x0800467d   0x00000003   PAD
    0x20000028   0x08004680   0x00000009   Data   RW         3046    .data               stm32f4xx_hal.o
    0x20000031   0x08004689   0x00000003   PAD
    0x20000034   0x0800468c   0x00000004   Data   RW         4637    .data               system_stm32f4xx.o
    0x20000038   0x08004690   0x0000009a   Data   RW         4771    .data               han_shu.o
    0x200000d2   0x0800472a   0x00000002   PAD
    0x200000d4   0x0800472c   0x00000014   Data   RW         4886    .data               tuoluoyi.o
    0x200000e8   0x08004740   0x00000004   Data   RW         5260    .data               mc_w.l(stdout.o)
    0x200000ec        -       0x0000012c   Zero   RW           24    .bss                main.o
    0x20000218        -       0x00000400   Zero   RW            1    STACK               startup_stm32f411xe.o


==============================================================================

Image component sizes


      Code (inc. data)   RO Data    RW Data    ZI Data      Debug   Object Name

       236         34          0          0          0       2570   ceju.o
       180         12          0          0          0       1756   dianji.o
       590         76          0        154          0       9283   han_shu.o
      1530        294          0         37        300     437162   main.o
        36          8        408          0       1024        864   startup_stm32f411xe.o
       212         36          0          9          0       9477   stm32f4xx_hal.o
       312         22          0          0          0      34527   stm32f4xx_hal_cortex.o
       212          0          0          0          0       2039   stm32f4xx_hal_dma.o
       484         32          0          0          0       2871   stm32f4xx_hal_gpio.o
      3016         48          0          0          0      12206   stm32f4xx_hal_i2c.o
       616         58          0          0          0       3912   stm32f4xx_hal_msp.o
      1820         84          0          0          0       5828   stm32f4xx_hal_rcc.o
      1802         94          0          0          0      13659   stm32f4xx_hal_tim.o
       156         22          0          0          0       1416   stm32f4xx_hal_tim_ex.o
      2294         14          0          0          0      12024   stm32f4xx_hal_uart.o
        50          6          0          0          0       4990   stm32f4xx_it.o
        20          6         24          4          0       1211   system_stm32f4xx.o
      1472        146          0         20          0       6211   tuoluoyi.o
       464         24          0          0          0       1290   xunji.o

    ----------------------------------------------------------------------
     15520       1016        464        232       1324     563296   Object Totals
         0          0         32          0          0          0   (incl. Generated)
        18          0          0          8          0          0   (incl. Padding)

    ----------------------------------------------------------------------

      Code (inc. data)   RO Data    RW Data    ZI Data      Debug   Library Member Name

         0          0          0          0          0          0   entry.o
         0          0          0          0          0          0   entry10a.o
         0          0          0          0          0          0   entry11a.o
         8          4          0          0          0          0   entry2.o
         4          0          0          0          0          0   entry5.o
         0          0          0          0          0          0   entry7b.o
         0          0          0          0          0          0   entry8b.o
         8          4          0          0          0          0   entry9a.o
        30          0          0          0          0          0   handlers.o
        36          8          0          0          0         68   init.o
         0          0          0          0          0          0   iusefp.o
        30          0          0          0          0         68   llshl.o
        32          0          0          0          0         68   llushr.o
        36          0          0          0          0        108   memseta.o
       866         14          0          0          0        352   printf6.o
         0          0          0          4          0          0   stdout.o
        44          0          0          0          0         80   uidiv.o
        98          0          0          0          0         92   uldiv.o
        56          0          0          0          0         88   d2f.o
       222          0          0          0          0        100   ddiv.o
       186          0          0          0          0        176   depilogue.o
        26          0          0          0          0         76   dfltui.o
       228          0          0          0          0         96   dmul.o
       110          0          0          0          0        168   fepilogue.o

    ----------------------------------------------------------------------
      2024         30          0          4          0       1540   Library Totals
         4          0          0          0          0          0   (incl. Padding)

    ----------------------------------------------------------------------

      Code (inc. data)   RO Data    RW Data    ZI Data      Debug   Library Name

      1192         30          0          4          0        836   mc_w.l
       828          0          0          0          0        704   mf_w.l

    ----------------------------------------------------------------------
      2024         30          0          4          0       1540   Library Totals

    ----------------------------------------------------------------------

==============================================================================


      Code (inc. data)   RO Data    RW Data    ZI Data      Debug   

     17544       1046        464        236       1324     553312   Grand Totals
     17544       1046        464        236       1324     553312   ELF Image Totals
     17544       1046        464        236          0          0   ROM Totals

==============================================================================

    Total RO  Size (Code + RO Data)                18008 (  17.59kB)
    Total RW  Size (RW Data + ZI Data)              1560 (   1.52kB)
    Total ROM Size (Code + RO Data + RW Data)      18244 (  17.82kB)

==============================================================================

